<html>
<body>
<pre>
<h1>µVision Build Log</h1>
<h2>Tool Versions:</h2>
IDE-Version: µVision V5.38.0.0
Copyright (C) 2022 ARM Ltd and ARM Germany GmbH. All rights reserved.
License Information: Zachary Richatds, UCSB, LIC=----
 
Tool Versions:
Toolchain:       MDK-Lite  Version: 5.38.0.0
Toolchain Path:  C:\Keil_v5\ARM\ARMCLANG\Bin
C Compiler:      ArmClang.exe V6.19
Assembler:       Armasm.exe V6.19
Linker/Locator:  ArmLink.exe V6.19
Library Manager: ArmAr.exe V6.19
Hex Converter:   FromElf.exe V6.19
CPU DLL:         SARMCM3.DLL V5.38.0.0
Dialog DLL:      DCM.DLL V1.17.5.0
Target DLL:      STLink\ST-LINKIII-KEIL_SWO.dll V3.1.0.0
Dialog DLL:      TCM.DLL V1.56.4.0
 
<h2>Project:</h2>
C:\Users\Zach\OneDrive\Desktop\Template_L4\L4B\project.uvprojx
Project File Date:  05/18/2023

<h2>Output:</h2>
*** Using Compiler 'V6.19', folder: 'C:\Keil_v5\ARM\ARMCLANG\Bin'
Rebuild target 'Target 1'
assembling startup_stm32l476xx.s...
src/I2C.c(1): warning: In file included from...
src/I2C.h(6): warning: In file included from...
src/stm32l476xx.h(12): warning: invalid UTF-8 in comment [-Winvalid-utf8]
  *           - Macros to access peripheral<92>s registers hardware
                                           ^
src/I2C.c(94): warning: invalid UTF-8 in comment [-Winvalid-utf8]
        // PRESC <96> This value is the timing prescaler. It is used to generate the clock period
                 ^
src/I2C.c(99): warning: invalid UTF-8 in comment [-Winvalid-utf8]
        // SCLDEL <96> This value determines the minimum data setup time, which is a delay
                  ^
src/I2C.c(106): warning: invalid UTF-8 in comment [-Winvalid-utf8]
        // SDADEL <96> This value determines the minimum data hold time, which is a delay
                  ^
src/I2C.c(112): warning: invalid UTF-8 in comment [-Winvalid-utf8]
        // SCLH <96> This value determines the minimum period for the high phase of the clock
                ^
src/I2C.c(117): warning: invalid UTF-8 in comment [-Winvalid-utf8]
        // SCLL <96> This value determines the minimum period for the low phase of the clock
                ^
src/I2C.c(123): warning: invalid UTF-8 in comment [-Winvalid-utf8]
        // disable the own address. Do this for only Own Address 1 <96> we do not need Own Address
                                                                   ^
src/I2C.c(132): warning: invalid UTF-8 in comment [-Winvalid-utf8]
        // (b) Write the own address that you want to use <96> you are free to use OwnAddr = 0x52
                                                          ^
8 warnings generated.
compiling I2C.c...
src/UART.c(1): warning: In file included from...
src/UART.h(4): warning: In file included from...
src/stm32l476xx.h(12): warning: invalid UTF-8 in comment [-Winvalid-utf8]
  *           - Macros to access peripheral<92>s registers hardware
                                           ^
src/UART.c(133): warning: comparison of integers of different signs: 'int' and 'uint32_t' (aka 'unsigned int') [-Wsign-compare]
        for (i = 0; i < nBytes; i++) {
                    ~ ^ ~~~~~~
2 warnings generated.
compiling UART.c...
src/main.c(9): warning: In file included from...
src/stm32l476xx.h(12): warning: invalid UTF-8 in comment [-Winvalid-utf8]
  *           - Macros to access peripheral<92>s registers hardware
                                           ^
src/main.c(19): warning: no previous prototype for function 'Init_USARTx' [-Wmissing-prototypes]
void Init_USARTx(int x) {
     ^
src/main.c(19): note: declare 'static' if the function is not intended to be used outside of this translation unit
void Init_USARTx(int x) {
^
static 
src/main.c(57): warning: binary integer literals are a GNU extension [-Wgnu-binary-literal]
                SlaveAddress = 0b1001000 << 1; // TMP102 Address: 1001000
                               ^
src/main.c(64): warning: mixing declarations and code is incompatible with standards before C99 [-Wdeclaration-after-statement]
                int temperature = (Data_Receive & 0x7F) - (((Data_Receive & 0x80) != 0) ? 128 : 0);
                    ^
src/main.c(46): warning: mixing declarations and code is incompatible with standards before C99 [-Wdeclaration-after-statement]
        int i;
            ^
src/main.c(50): warning: unused variable 'Data_Send' [-Wunused-variable]
        uint8_t Data_Send;
                ^
src/main.c(66): warning: 'sprintf' will always overflow; destination buffer has size 6, but format string expands to at least 35 [-Wfortify-source]
                sprintf(data, "The Current Temperature Is:%6d\n", temperature);
                ^
7 warnings generated.
compiling main.c...
src/SysClock.c(1): warning: In file included from...
src/SysClock.h(4): warning: In file included from...
src/stm32l476xx.h(12): warning: invalid UTF-8 in comment [-Winvalid-utf8]
  *           - Macros to access peripheral<92>s registers hardware
                                           ^
1 warning generated.
compiling SysClock.c...
src/UART_printf.c(1): warning: In file included from...
src/UART.h(4): warning: In file included from...
src/stm32l476xx.h(12): warning: invalid UTF-8 in comment [-Winvalid-utf8]
  *           - Macros to access peripheral<92>s registers hardware
                                           ^
src/UART_printf.c(14): warning: unused parameter 'f' [-Wunused-parameter]
int fputc(int ch, FILE *f) { 
                        ^
src/UART_printf.c(23): warning: unused parameter 'f' [-Wunused-parameter]
int fgetc(FILE *f) {  
                ^
3 warnings generated.
compiling UART_printf.c...
linking...
Program Size: Code=9608 RO-data=1004 RW-data=0 ZI-data=1720  
FromELF: creating hex file...
".\Objects\project.axf" - 0 Error(s), 21 Warning(s).

<h2>Software Packages used:</h2>

Package Vendor: ARM
                http://www.keil.com/pack/ARM.CMSIS.5.9.0.pack
                ARM.CMSIS.5.9.0
                CMSIS (Common Microcontroller Software Interface Standard)
   * Component: CORE Version: 5.6.0

Package Vendor: Keil
                http://www.keil.com/pack/Keil.STM32L4xx_DFP.2.6.1.pack
                Keil.STM32L4xx_DFP.2.6.1
                STMicroelectronics STM32L4 Series Device Support, Drivers and Examples

<h2>Collection of Component include folders:</h2>
  ./RTE/_Target_1
  C:/Users/Zach/AppData/Local/Arm/Packs/ARM/CMSIS/5.9.0/CMSIS/Core/Include
  C:/Users/Zach/AppData/Local/Arm/Packs/Keil/STM32L4xx_DFP/2.6.1/Drivers/CMSIS/Device/ST/STM32L4xx/Include

<h2>Collection of Component Files used:</h2>

   * Component: ARM::CMSIS:CORE:5.6.0
Build Time Elapsed:  00:00:01
</pre>
</body>
</html>
