Component: Arm Compiler for Embedded 6.19 Tool: armlink [5e73cb00]

==============================================================================

Section Cross References

    led.o(.ARM.exidx.text.LED_Init) refers to led.o(.text.LED_Init) for [Anonymous Symbol]
    led.o(.ARM.exidx.text.Green_LED_Off) refers to led.o(.text.Green_LED_Off) for [Anonymous Symbol]
    led.o(.ARM.exidx.text.Green_LED_On) refers to led.o(.text.Green_LED_On) for [Anonymous Symbol]
    led.o(.ARM.exidx.text.Green_LED_Toggle) refers to led.o(.text.Green_LED_Toggle) for [Anonymous Symbol]
    main.o(.text.Init_USARTx) refers to uart.o(.text.UART1_Init) for UART1_Init
    main.o(.text.Init_USARTx) refers to uart.o(.text.UART1_GPIO_Init) for UART1_GPIO_Init
    main.o(.text.Init_USARTx) refers to uart.o(.text.USART_Init) for USART_Init
    main.o(.text.Init_USARTx) refers to uart.o(.text.UART2_Init) for UART2_Init
    main.o(.text.Init_USARTx) refers to uart.o(.text.UART2_GPIO_Init) for UART2_GPIO_Init
    main.o(.ARM.exidx.text.Init_USARTx) refers to main.o(.text.Init_USARTx) for [Anonymous Symbol]
    main.o(.text.main) refers to sysclock.o(.text.System_Clock_Init) for System_Clock_Init
    main.o(.text.main) refers to led.o(.text.LED_Init) for LED_Init
    main.o(.text.main) refers to main.o(.text.Init_USARTx) for Init_USARTx
    main.o(.text.main) refers to main.o(.rodata.str1.1) for .L.str
    main.o(.text.main) refers to printf.o(.text) for printf
    main.o(.text.main) refers to scanf.o(.text) for scanf
    main.o(.text.main) refers to led.o(.text.Green_LED_On) for Green_LED_On
    main.o(.text.main) refers to led.o(.text.Green_LED_Off) for Green_LED_Off
    main.o(.ARM.exidx.text.main) refers to main.o(.text.main) for [Anonymous Symbol]
    startup_stm32l476xx.o(STACK) refers (Special) to heapauxi.o(.text) for __use_two_region_memory
    startup_stm32l476xx.o(HEAP) refers (Special) to heapauxi.o(.text) for __use_two_region_memory
    startup_stm32l476xx.o(RESET) refers (Special) to heapauxi.o(.text) for __use_two_region_memory
    startup_stm32l476xx.o(RESET) refers to startup_stm32l476xx.o(STACK) for __initial_sp
    startup_stm32l476xx.o(RESET) refers to startup_stm32l476xx.o(.text) for Reset_Handler
    startup_stm32l476xx.o(.text) refers (Special) to heapauxi.o(.text) for __use_two_region_memory
    startup_stm32l476xx.o(.text) refers to __main.o(!!!main) for __main
    startup_stm32l476xx.o(.text) refers to startup_stm32l476xx.o(HEAP) for Heap_Mem
    startup_stm32l476xx.o(.text) refers to startup_stm32l476xx.o(STACK) for Stack_Mem
    sysclock.o(.ARM.exidx.text.System_Clock_Init) refers to sysclock.o(.text.System_Clock_Init) for [Anonymous Symbol]
    uart.o(.ARM.exidx.text.UART1_Init) refers to uart.o(.text.UART1_Init) for [Anonymous Symbol]
    uart.o(.ARM.exidx.text.UART2_Init) refers to uart.o(.text.UART2_Init) for [Anonymous Symbol]
    uart.o(.ARM.exidx.text.UART1_GPIO_Init) refers to uart.o(.text.UART1_GPIO_Init) for [Anonymous Symbol]
    uart.o(.ARM.exidx.text.UART2_GPIO_Init) refers to uart.o(.text.UART2_GPIO_Init) for [Anonymous Symbol]
    uart.o(.ARM.exidx.text.USART_Init) refers to uart.o(.text.USART_Init) for [Anonymous Symbol]
    uart.o(.ARM.exidx.text.USART_Read) refers to uart.o(.text.USART_Read) for [Anonymous Symbol]
    uart.o(.text.USART_Write) refers to uart.o(.text.USART_Delay) for USART_Delay
    uart.o(.ARM.exidx.text.USART_Write) refers to uart.o(.text.USART_Write) for [Anonymous Symbol]
    uart.o(.ARM.exidx.text.USART_Delay) refers to uart.o(.text.USART_Delay) for [Anonymous Symbol]
    uart_printf.o(.text.fputc) refers to uart.o(.text.USART_Write) for USART_Write
    uart_printf.o(.ARM.exidx.text.fputc) refers to uart_printf.o(.text.fputc) for [Anonymous Symbol]
    uart_printf.o(.text.fgetc) refers to uart.o(.text.USART_Read) for USART_Read
    uart_printf.o(.ARM.exidx.text.fgetc) refers to uart_printf.o(.text.fgetc) for [Anonymous Symbol]
    printf.o(.text) refers (Special) to _printf_a.o(.ARM.Collect$$_printf_percent$$00000006) for _printf_a
    printf.o(.text) refers (Special) to _printf_c.o(.ARM.Collect$$_printf_percent$$00000013) for _printf_c
    printf.o(.text) refers (Special) to _printf_charcount.o(.text) for _printf_charcount
    printf.o(.text) refers (Special) to _printf_d.o(.ARM.Collect$$_printf_percent$$00000009) for _printf_d
    printf.o(.text) refers (Special) to _printf_e.o(.ARM.Collect$$_printf_percent$$00000004) for _printf_e
    printf.o(.text) refers (Special) to _printf_f.o(.ARM.Collect$$_printf_percent$$00000003) for _printf_f
    printf.o(.text) refers (Special) to printf1.o(x$fpl$printf1) for _printf_fp_dec
    printf.o(.text) refers (Special) to printf2.o(x$fpl$printf2) for _printf_fp_hex
    printf.o(.text) refers (Special) to _printf_g.o(.ARM.Collect$$_printf_percent$$00000005) for _printf_g
    printf.o(.text) refers (Special) to _printf_i.o(.ARM.Collect$$_printf_percent$$00000008) for _printf_i
[...]
    .text                                    0x080006bc   Section        0  _printf_hex_int_ll_ptr.o(.text)
    .text                                    0x08000750   Section        0  __printf_flags_ss_wp.o(.text)
    .text                                    0x080008de   Section        0  _scanf_longlong.o(.text)
    .text                                    0x08000a3a   Section        0  _scanf_int.o(.text)
    .text                                    0x08000b8c   Section        0  _scanf_str.o(.text)
    .text                                    0x08000c74   Section        0  scanf_char_file.o(.text)
    .text                                    0x08000c8c   Section        0  _scanf_mbtowc.o(.text)
    .text                                    0x08000da6   Section        0  _scanf_wctomb.o(.text)
    .text                                    0x08000e94   Section        0  _scanf_wstr.o(.text)
    .text                                    0x08000f6a   Section      138  lludiv10.o(.text)
    .text                                    0x08000ff4   Section        0  _printf_intcommon.o(.text)
    _fp_digits                               0x080010a7   Thumb Code   432  _printf_fp_dec.o(.text)
    .text                                    0x080010a6   Section        0  _printf_fp_dec.o(.text)
    .text                                    0x080014c8   Section        0  _printf_fp_hex.o(.text)
    _printf_input_char                       0x080017cd   Thumb Code    10  _printf_char_common.o(.text)
    .text                                    0x080017cc   Section        0  _printf_char_common.o(.text)
    .text                                    0x080017fc   Section        0  _printf_char.o(.text)
    .text                                    0x08001828   Section        0  _printf_wchar.o(.text)
    .text                                    0x08001854   Section        0  _chval.o(.text)
    _fp_value                                0x08001871   Thumb Code   588  scanf_fp.o(.text)
    .text                                    0x08001870   Section        0  scanf_fp.o(.text)
    _scanf_char_input                        0x08001d79   Thumb Code    12  scanf_char.o(.text)
    .text                                    0x08001d78   Section        0  scanf_char.o(.text)
    .text                                    0x08001da4   Section        0  _scanf_wcharmap.o(.text)
    .text                                    0x08001dc2   Section        0  backspace.o(.text)
    .text                                    0x08001e0a   Section        0  ferror.o(.text)
    .text                                    0x08001e12   Section        0  _mbrtoc16.o(.text)
    .text                                    0x08001e52   Section        0  _c16rtomb.o(.text)
    .text                                    0x08001e9a   Section       74  sys_stackheap_outer.o(.text)
    .text                                    0x08001ee4   Section       16  rt_ctype_table.o(.text)
    .text                                    0x08001ef4   Section        8  rt_locale_intlibspace.o(.text)
    .text                                    0x08001efc   Section        8  rt_errno_addr_intlibspace.o(.text)
    .text                                    0x08001f04   Section       38  llshl.o(.text)
    .text                                    0x08001f2a   Section        0  isspace.o(.text)
    .text                                    0x08001f3c   Section        0  _printf_fp_infnan.o(.text)
    .text                                    0x08001fbc   Section        0  _scanf.o(.text)
    .text                                    0x08002338   Section        0  bigflt0.o(.text)
    .text                                    0x0800241c   Section        0  ungetc.o(.text)
    .text                                    0x08002464   Section        0  exit.o(.text)
    .text                                    0x08002478   Section        8  libspace.o(.text)
    .text                                    0x08002480   Section        0  _rserrno.o(.text)
    .text                                    0x08002498   Section        0  scanf_hexfp.o(.text)
    .text                                    0x080027c0   Section        0  scanf_infnan.o(.text)
    .text                                    0x08002900   Section      124  strcmpv7em.o(.text)
    .text                                    0x0800297c   Section        0  sys_exit.o(.text)
    .text                                    0x08002988   Section        2  use_no_semi.o(.text)
    .text                                    0x0800298a   Section        0  indicate_semi.o(.text)
    [Anonymous Symbol]                       0x0800298c   Section        0  led.o(.text.Green_LED_Off)
    [Anonymous Symbol]                       0x0800299c   Section        0  led.o(.text.Green_LED_On)
    [Anonymous Symbol]                       0x080029ac   Section        0  main.o(.text.Init_USARTx)
    [Anonymous Symbol]                       0x080029f8   Section        0  led.o(.text.LED_Init)
    [Anonymous Symbol]                       0x08002a44   Section        0  sysclock.o(.text.System_Clock_Init)
    [Anonymous Symbol]                       0x08002c18   Section        0  uart.o(.text.UART1_GPIO_Init)
    [Anonymous Symbol]                       0x08002cf4   Section        0  uart.o(.text.UART1_Init)
    [Anonymous Symbol]                       0x08002d20   Section        0  uart.o(.text.UART2_GPIO_Init)
    [Anonymous Symbol]                       0x08002df0   Section        0  uart.o(.text.UART2_Init)
    [Anonymous Symbol]                       0x08002e1c   Section        0  uart.o(.text.USART_Delay)
    [Anonymous Symbol]                       0x08002e50   Section        0  uart.o(.text.USART_Init)
    [Anonymous Symbol]                       0x08002eb0   Section        0  uart.o(.text.USART_Read)
    [Anonymous Symbol]                       0x08002ed0   Section        0  uart.o(.text.USART_Write)
    [Anonymous Symbol]                       0x08002f34   Section        0  uart_printf.o(.text.fgetc)
    [Anonymous Symbol]                       0x08002f54   Section        0  uart_printf.o(.text.fputc)
    [Anonymous Symbol]                       0x08002f7c   Section        0  main.o(.text.main)
    CL$$btod_d2e                             0x08003016   Section       62  btod.o(CL$$btod_d2e)
    CL$$btod_d2e_denorm_low                  0x08003054   Section       70  btod.o(CL$$btod_d2e_denorm_low)
    CL$$btod_d2e_norm_op1                    0x0800309a   Section       96  btod.o(CL$$btod_d2e_norm_op1)
    CL$$btod_div_common                      0x080030fc   Section      824  btod.o(CL$$btod_div_common)
    CL$$btod_e2d                             0x08003434   Section      132  btod.o(CL$$btod_e2d)
    CL$$btod_e2e                             0x080034b8   Section      220  btod.o(CL$$btod_e2e)
    CL$$btod_ediv                            0x08003594   Section       42  btod.o(CL$$btod_ediv)
    CL$$btod_edivd                           0x080035be   Section       42  btod.o(CL$$btod_edivd)
    CL$$btod_emul                            0x080035e8   Section       42  btod.o(CL$$btod_emul)
    CL$$btod_emuld                           0x08003612   Section       42  btod.o(CL$$btod_emuld)
    CL$$btod_mult_common                     0x0800363c   Section      580  btod.o(CL$$btod_mult_common)
    i.__ARM_fpclassify                       0x08003880   Section        0  fpclassify.o(i.__ARM_fpclassify)
    i.__hardfp___mathlib_tofloat             0x080038b0   Section        0  narrow.o(i.__hardfp___mathlib_tofloat)
    i.__hardfp_ldexp                         0x080039a8   Section        0  ldexp.o(i.__hardfp_ldexp)
    i.__mathlib_dbl_overflow                 0x08003a78   Section        0  dunder.o(i.__mathlib_dbl_overflow)
    i.__mathlib_dbl_underflow                0x08003a98   Section        0  dunder.o(i.__mathlib_dbl_underflow)
    i.__mathlib_narrow                       0x08003ab8   Section        0  narrow.o(i.__mathlib_narrow)
    i.__support_ldexp                        0x08003aca   Section        0  ldexp.o(i.__support_ldexp)
    i._is_digit                              0x08003ade   Section        0  __printf_wp.o(i._is_digit)
    i.frexp                                  0x08003af0   Section        0  frexp.o(i.frexp)
    locale$$code                             0x08003b7c   Section       44  lc_numeric_c.o(locale$$code)
    locale$$code                             0x08003ba8   Section       44  lc_ctype_c.o(locale$$code)
    $v0                                      0x08003bd4   Number         0  d2f.o(x$fpl$d2f)
    x$fpl$d2f                                0x08003bd4   Section       98  d2f.o(x$fpl$d2f)
    $v0                                      0x08003c38   Number         0  dcheck1.o(x$fpl$dcheck1)
    x$fpl$dcheck1                            0x08003c38   Section       16  dcheck1.o(x$fpl$dcheck1)
    $v0                                      0x08003c48   Number         0  dcmpi.o(x$fpl$dcmpinf)
    x$fpl$dcmpinf                            0x08003c48   Section       24  dcmpi.o(x$fpl$dcmpinf)
    $v0                                      0x08003c60   Number         0  deqf.o(x$fpl$deqf)
    x$fpl$deqf                               0x08003c60   Section      120  deqf.o(x$fpl$deqf)
    $v0                                      0x08003cd8   Number         0  dleqf.o(x$fpl$dleqf)
    x$fpl$dleqf                              0x08003cd8   Section      120  dleqf.o(x$fpl$dleqf)
    $v0                                      0x08003d50   Number         0  dmul.o(x$fpl$dmul)
    x$fpl$dmul                               0x08003d50   Section      340  dmul.o(x$fpl$dmul)
    $v0                                      0x08003ea4   Number         0  dnaninf.o(x$fpl$dnaninf)
    x$fpl$dnaninf                            0x08003ea4   Section      156  dnaninf.o(x$fpl$dnaninf)
    $v0                                      0x08003f40   Number         0  dretinf.o(x$fpl$dretinf)
    x$fpl$dretinf                            0x08003f40   Section       12  dretinf.o(x$fpl$dretinf)
    $v0                                      0x08003f4c   Number         0  drleqf.o(x$fpl$drleqf)
    x$fpl$drleqf                             0x08003f4c   Section      108  drleqf.o(x$fpl$drleqf)
    $v0                                      0x08003fb8   Number         0  fpinit.o(x$fpl$fpinit)
    x$fpl$fpinit                             0x08003fb8   Section       26  fpinit.o(x$fpl$fpinit)
    $v0                                      0x08003fd2   Number         0  fretinf.o(x$fpl$fretinf)
    x$fpl$fretinf                            0x08003fd2   Section       10  fretinf.o(x$fpl$fretinf)
    $v0                                      0x08003fdc   Number         0  istatus.o(x$fpl$ieeestatus)
    x$fpl$ieeestatus                         0x08003fdc   Section        6  istatus.o(x$fpl$ieeestatus)
    $v0                                      0x08003fe2   Number         0  printf1.o(x$fpl$printf1)
    x$fpl$printf1                            0x08003fe2   Section        4  printf1.o(x$fpl$printf1)
    $v0                                      0x08003fe6   Number         0  printf2.o(x$fpl$printf2)
    x$fpl$printf2                            0x08003fe6   Section        4  printf2.o(x$fpl$printf2)
    $v0                                      0x08003fea   Number         0  retnan.o(x$fpl$retnan)
    x$fpl$retnan                             0x08003fea   Section      100  retnan.o(x$fpl$retnan)
    $v0                                      0x0800404e   Number         0  scalbn.o(x$fpl$scalbn)
    x$fpl$scalbn                             0x0800404e   Section       92  scalbn.o(x$fpl$scalbn)
    $v0                                      0x080040aa   Number         0  scanf1.o(x$fpl$scanf1)
    x$fpl$scanf1                             0x080040aa   Section        4  scanf1.o(x$fpl$scanf1)
    $v0                                      0x080040ae   Number         0  scanf2.o(x$fpl$scanf2)
    x$fpl$scanf2                             0x080040ae   Section        8  scanf2.o(x$fpl$scanf2)
    $v0                                      0x080040b6   Number         0  trapv.o(x$fpl$trapveneer)
    x$fpl$trapveneer                         0x080040b6   Section       48  trapv.o(x$fpl$trapveneer)
    x$fpl$usenofp                            0x080040e6   Section        0  usenofp.o(x$fpl$usenofp)
    initial_mbstate                          0x080040e8   Data           8  _printf_wctomb.o(.constdata)
    .constdata                               0x080040e8   Section        8  _printf_wctomb.o(.constdata)
    uc_hextab                                0x080040f0   Data          20  _printf_hex_int_ll_ptr.o(.constdata)
    .constdata                               0x080040f0   Section       40  _printf_hex_int_ll_ptr.o(.constdata)
    lc_hextab                                0x08004104   Data          20  _printf_hex_int_ll_ptr.o(.constdata)
    maptable                                 0x08004118   Data          17  __printf_flags_ss_wp.o(.constdata)
    .constdata                               0x08004118   Section       17  __printf_flags_ss_wp.o(.constdata)
    lc_hextab                                0x08004129   Data          19  _printf_fp_hex.o(.constdata)
    .constdata                               0x08004129   Section       38  _printf_fp_hex.o(.constdata)
    uc_hextab                                0x0800413c   Data          19  _printf_fp_hex.o(.constdata)
    tenpwrs_x                                0x08004150   Data          60  bigflt0.o(.constdata)
    .constdata                               0x08004150   Section      148  bigflt0.o(.constdata)
    tenpwrs_i                                0x0800418c   Data          64  bigflt0.o(.constdata)
    .L.str                                   0x080041e4   Data          25  main.o(.rodata.str1.1)
    [Anonymous Symbol]                       0x080041e4   Section        0  main.o(.rodata.str1.1)
    .L.str.3                                 0x080041fd   Data          35  main.o(.rodata.str1.1)
    .L.str.2                                 0x08004220   Data          34  main.o(.rodata.str1.1)
    .L.str.4                                 0x08004242   Data          61  main.o(.rodata.str1.1)
    .L.str.1                                 0x0800427f   Data           3  main.o(.rodata.str1.1)
    c$$dinf                                  0x08004294   Section        8  fpconst.o(c$$dinf)
    c$$dmax                                  0x0800429c   Section        8  fpconst.o(c$$dmax)
    locale$$data                             0x080042a4   Section       28  lc_numeric_c.o(locale$$data)
    __lcnum_c_name                           0x080042a8   Data           2  lc_numeric_c.o(locale$$data)
    __lcnum_c_start                          0x080042b0   Data           0  lc_numeric_c.o(locale$$data)
    __lcnum_c_point                          0x080042bc   Data           0  lc_numeric_c.o(locale$$data)
    __lcnum_c_thousands                      0x080042be   Data           0  lc_numeric_c.o(locale$$data)
    __lcnum_c_grouping                       0x080042bf   Data           0  lc_numeric_c.o(locale$$data)
    __lcnum_c_end                            0x080042c0   Data           0  lc_numeric_c.o(locale$$data)
    locale$$data                             0x080042c0   Section      272  lc_ctype_c.o(locale$$data)
    __lcctype_c_name                         0x080042c4   Data           2  lc_ctype_c.o(locale$$data)
    __lcctype_c_start                        0x080042cc   Data           0  lc_ctype_c.o(locale$$data)
    __lcctype_c_end                          0x080043d0   Data           0  lc_ctype_c.o(locale$$data)
    .bss                                     0x20000000   Section       96  libspace.o(.bss)
    Heap_Mem                                 0x20000108   Data         512  startup_stm32l476xx.o(HEAP)
    HEAP                                     0x20000108   Section      512  startup_stm32l476xx.o(HEAP)
    Stack_Mem                                0x20000308   Data        1024  startup_stm32l476xx.o(STACK)
    STACK                                    0x20000308   Section     1024  startup_stm32l476xx.o(STACK)
    __initial_sp                             0x20000708   Data           0  startup_stm32l476xx.o(STACK)

    Global Symbols

    Symbol Name                              Value     Ov Type        Size  Object(Section)

    BuildAttributes$$THM_ISAv4$E$P$D$K$B$S$7EM$VFPi3$EXTD16$VFPS$VFMA$PE$A:L22UL41UL21$X:L11$S22US41US21$IEEE1$IW$~IW$USESV6$~STKCKD$USESV7$~SHL$OTIME$ROPI$IEEEX$EBA8$UX$STANDARDLIB$REQ8$PRES8$EABIv2 0x00000000   Number         0  anon$$obj.o ABSOLUTE
    Image$$ER_IROM1$$RW$$Length              0x00000000   Number         0  anon$$obj.o ABSOLUTE
    Image$$ER_IROM1$$ZI$$Length              0x00000000   Number         0  anon$$obj.o ABSOLUTE
    Image$$RW_IRAM1$$Length                  0x00000000   Number         0  anon$$obj.o ABSOLUTE
    Image$$RW_IRAM1$$RO$$Length              0x00000000   Number         0  anon$$obj.o ABSOLUTE
    Image$$RW_IRAM1$$RW$$Length              0x00000000   Number         0  anon$$obj.o ABSOLUTE
    _printf_flags                            0x00000000   Number         0  printf_stubs.o ABSOLUTE
    _printf_return_value                     0x00000000   Number         0  printf_stubs.o ABSOLUTE
    _printf_sizespec                         0x00000000   Number         0  printf_stubs.o ABSOLUTE
    _printf_widthprec                        0x00000000   Number         0  printf_stubs.o ABSOLUTE
    __ARM_exceptions_init                     - Undefined Weak Reference
    __alloca_initialize                       - Undefined Weak Reference
    __arm_preinit_                            - Undefined Weak Reference
    __arm_relocate_pie_                       - Undefined Weak Reference
    __cpp_initialize__aeabi_                  - Undefined Weak Reference
    __cxa_finalize                            - Undefined Weak Reference
    __sigvec_lookup                           - Undefined Weak Reference
    _atexit_init                              - Undefined Weak Reference
    _call_atexit_fns                          - Undefined Weak Reference
    _clock_init                               - Undefined Weak Reference
    _fp_trap_init                             - Undefined Weak Reference
    _fp_trap_shutdown                         - Undefined Weak Reference
    _get_lc_collate                           - Undefined Weak Reference
    _get_lc_monetary                          - Undefined Weak Reference
    _get_lc_time                              - Undefined Weak Reference
    _getenv_init                              - Undefined Weak Reference
    _handle_redirection                       - Undefined Weak Reference
    _init_alloc                               - Undefined Weak Reference
    _init_user_alloc                          - Undefined Weak Reference
    _initio                                   - Undefined Weak Reference
    _mutex_acquire                            - Undefined Weak Reference
    _mutex_release                            - Undefined Weak Reference
    _printf_mbtowc                            - Undefined Weak Reference
    _printf_wc                                - Undefined Weak Reference
    _rand_init                                - Undefined Weak Reference
    _signal_finish                            - Undefined Weak Reference
    _signal_init                              - Undefined Weak Reference
    _terminate_alloc                          - Undefined Weak Reference
    _terminate_user_alloc                     - Undefined Weak Reference
    _terminateio                              - Undefined Weak Reference
    __Vectors_Size                           0x00000188   Number         0  startup_stm32l476xx.o ABSOLUTE
    Image$$RW_IRAM1$$ZI$$Length              0x00000708   Number         0  anon$$obj.o ABSOLUTE
    Image$$ER_IROM1$$RO$$Length              0x000043d0   Number         0  anon$$obj.o ABSOLUTE
    Image$$ER_IROM1$$RO$$Base                0x08000000   Number         0  anon$$obj.o ABSOLUTE
    Load$$ER_IROM1$$Base                     0x08000000   Number         0  anon$$obj.o ABSOLUTE
    __Vectors                                0x08000000   Data           4  startup_stm32l476xx.o(RESET)
    __Vectors_End                            0x08000188   Data           0  startup_stm32l476xx.o(RESET)
    __main                                   0x08000189   Thumb Code     8  __main.o(!!!main)
    __scatterload                            0x08000191   Thumb Code     0  __scatter.o(!!!scatter)
    __scatterload_rt2                        0x08000191   Thumb Code    44  __scatter.o(!!!scatter)
    __scatterload_rt2_thumb_only             0x08000191   Thumb Code     0  __scatter.o(!!!scatter)
    __scatterload_null                       0x0800019f   Thumb Code     0  __scatter.o(!!!scatter)
    __scatterload_zeroinit                   0x080001c5   Thumb Code    28  __scatter_zi.o(!!handler_zi)
    _printf_n                                0x080001e1   Thumb Code     0  _printf_n.o(.ARM.Collect$$_printf_percent$$00000001)
    _printf_percent                          0x080001e1   Thumb Code     0  _printf_percent.o(.ARM.Collect$$_printf_percent$$00000000)
    _printf_p                                0x080001e7   Thumb Code     0  _printf_p.o(.ARM.Collect$$_printf_percent$$00000002)
    _printf_f                                0x080001ed   Thumb Code     0  _printf_f.o(.ARM.Collect$$_printf_percent$$00000003)
    _printf_e                                0x080001f3   Thumb Code     0  _printf_e.o(.ARM.Collect$$_printf_percent$$00000004)
    _printf_g                                0x080001f9   Thumb Code     0  _printf_g.o(.ARM.Collect$$_printf_percent$$00000005)
    _printf_a                                0x080001ff   Thumb Code     0  _printf_a.o(.ARM.Collect$$_printf_percent$$00000006)
    _printf_ll                               0x08000205   Thumb Code     0  _printf_ll.o(.ARM.Collect$$_printf_percent$$00000007)
    _printf_i                                0x0800020f   Thumb Code     0  _printf_i.o(.ARM.Collect$$_printf_percent$$00000008)
    _printf_d                                0x08000215   Thumb Code     0  _printf_d.o(.ARM.Collect$$_printf_percent$$00000009)
    _printf_u                                0x0800021b   Thumb Code     0  _printf_u.o(.ARM.Collect$$_printf_percent$$0000000A)
    _printf_o                                0x08000221   Thumb Code     0  _printf_o.o(.ARM.Collect$$_printf_percent$$0000000B)
    _printf_x                                0x08000227   Thumb Code     0  _printf_x.o(.ARM.Collect$$_printf_percent$$0000000C)
    _printf_lli                              0x0800022d   Thumb Code     0  _printf_lli.o(.ARM.Collect$$_printf_percent$$0000000D)
    _printf_lld                              0x08000233   Thumb Code     0  _printf_lld.o(.ARM.Collect$$_printf_percent$$0000000E)
    _printf_llu                              0x08000239   Thumb Code     0  _printf_llu.o(.ARM.Collect$$_printf_percent$$0000000F)
    _printf_llo                              0x0800023f   Thumb Code     0  _printf_llo.o(.ARM.Collect$$_printf_percent$$00000010)
    _printf_llx                              0x08000245   Thumb Code     0  _printf_llx.o(.ARM.Collect$$_printf_percent$$00000011)
    _printf_l                                0x0800024b   Thumb Code     0  _printf_l.o(.ARM.Collect$$_printf_percent$$00000012)
    _printf_c                                0x08000255   Thumb Code     0  _printf_c.o(.ARM.Collect$$_printf_percent$$00000013)
    _printf_s                                0x0800025b   Thumb Code     0  _printf_s.o(.ARM.Collect$$_printf_percent$$00000014)
    _printf_lc                               0x08000261   Thumb Code     0  _printf_lc.o(.ARM.Collect$$_printf_percent$$00000015)
    _printf_ls                               0x08000267   Thumb Code     0  _printf_ls.o(.ARM.Collect$$_printf_percent$$00000016)
    _printf_percent_end                      0x0800026d   Thumb Code     0  _printf_percent_end.o(.ARM.Collect$$_printf_percent$$00000017)
    __rt_lib_init                            0x08000271   Thumb Code     0  libinit.o(.ARM.Collect$$libinit$$00000000)
    __rt_lib_init_fp_1                       0x08000273   Thumb Code     0  libinit2.o(.ARM.Collect$$libinit$$00000001)
    __rt_lib_init_heap_1                     0x08000277   Thumb Code     0  libinit2.o(.ARM.Collect$$libinit$$0000000C)
    __rt_lib_init_lc_common                  0x08000277   Thumb Code     0  libinit2.o(.ARM.Collect$$libinit$$00000011)
    __rt_lib_init_preinit_1                  0x08000277   Thumb Code     0  libinit2.o(.ARM.Collect$$libinit$$00000006)
    __rt_lib_init_rand_1                     0x08000277   Thumb Code     0  libinit2.o(.ARM.Collect$$libinit$$00000010)
    __rt_lib_init_relocate_pie_1             0x08000277   Thumb Code     0  libinit2.o(.ARM.Collect$$libinit$$00000004)
    __rt_lib_init_user_alloc_1               0x08000277   Thumb Code     0  libinit2.o(.ARM.Collect$$libinit$$0000000E)
    __rt_lib_init_lc_collate_1               0x0800027d   Thumb Code     0  libinit2.o(.ARM.Collect$$libinit$$00000013)
    __rt_lib_init_lc_ctype_2                 0x0800027d   Thumb Code     0  libinit2.o(.ARM.Collect$$libinit$$00000014)
    __rt_lib_init_lc_ctype_1                 0x08000289   Thumb Code     0  libinit2.o(.ARM.Collect$$libinit$$00000015)
    __rt_lib_init_lc_monetary_1              0x08000289   Thumb Code     0  libinit2.o(.ARM.Collect$$libinit$$00000017)
    __rt_lib_init_lc_numeric_2               0x08000289   Thumb Code     0  libinit2.o(.ARM.Collect$$libinit$$00000018)
    __rt_lib_init_alloca_1                   0x08000293   Thumb Code     0  libinit2.o(.ARM.Collect$$libinit$$00000030)
    __rt_lib_init_argv_1                     0x08000293   Thumb Code     0  libinit2.o(.ARM.Collect$$libinit$$0000002E)
    __rt_lib_init_atexit_1                   0x08000293   Thumb Code     0  libinit2.o(.ARM.Collect$$libinit$$0000001D)
    __rt_lib_init_clock_1                    0x08000293   Thumb Code     0  libinit2.o(.ARM.Collect$$libinit$$00000023)
    __rt_lib_init_cpp_1                      0x08000293   Thumb Code     0  libinit2.o(.ARM.Collect$$libinit$$00000034)
    __rt_lib_init_exceptions_1               0x08000293   Thumb Code     0  libinit2.o(.ARM.Collect$$libinit$$00000032)
    __rt_lib_init_fp_trap_1                  0x08000293   Thumb Code     0  libinit2.o(.ARM.Collect$$libinit$$00000021)
    __rt_lib_init_getenv_1                   0x08000293   Thumb Code     0  libinit2.o(.ARM.Collect$$libinit$$00000025)
    __rt_lib_init_lc_numeric_1               0x08000293   Thumb Code     0  libinit2.o(.ARM.Collect$$libinit$$00000019)
    __rt_lib_init_lc_time_1                  0x08000293   Thumb Code     0  libinit2.o(.ARM.Collect$$libinit$$0000001B)
    __rt_lib_init_return                     0x08000293   Thumb Code     0  libinit2.o(.ARM.Collect$$libinit$$00000035)
    __rt_lib_init_signal_1                   0x08000293   Thumb Code     0  libinit2.o(.ARM.Collect$$libinit$$0000001F)
    __rt_lib_init_stdio_1                    0x08000293   Thumb Code     0  libinit2.o(.ARM.Collect$$libinit$$00000027)
    __rt_lib_shutdown                        0x08000295   Thumb Code     0  libshutdown.o(.ARM.Collect$$libshutdown$$00000000)
    __rt_lib_shutdown_cpp_1                  0x08000297   Thumb Code     0  libshutdown2.o(.ARM.Collect$$libshutdown$$00000002)
    __rt_lib_shutdown_fp_trap_1              0x08000297   Thumb Code     0  libshutdown2.o(.ARM.Collect$$libshutdown$$00000007)
    __rt_lib_shutdown_heap_1                 0x08000297   Thumb Code     0  libshutdown2.o(.ARM.Collect$$libshutdown$$0000000F)
    __rt_lib_shutdown_return                 0x08000297   Thumb Code     0  libshutdown2.o(.ARM.Collect$$libshutdown$$00000010)
    __rt_lib_shutdown_signal_1               0x08000297   Thumb Code     0  libshutdown2.o(.ARM.Collect$$libshutdown$$0000000A)
    __rt_lib_shutdown_stdio_1                0x08000297   Thumb Code     0  libshutdown2.o(.ARM.Collect$$libshutdown$$00000004)
    __rt_lib_shutdown_user_alloc_1           0x08000297   Thumb Code     0  libshutdown2.o(.ARM.Collect$$libshutdown$$0000000C)
    __rt_entry                               0x08000299   Thumb Code     0  __rtentry.o(.ARM.Collect$$rtentry$$00000000)
    __rt_entry_presh_1                       0x08000299   Thumb Code     0  __rtentry2.o(.ARM.Collect$$rtentry$$00000002)
    __rt_entry_sh                            0x08000299   Thumb Code     0  __rtentry4.o(.ARM.Collect$$rtentry$$00000004)
    __rt_entry_li                            0x0800029f   Thumb Code     0  __rtentry2.o(.ARM.Collect$$rtentry$$0000000A)
    __rt_entry_postsh_1                      0x0800029f   Thumb Code     0  __rtentry2.o(.ARM.Collect$$rtentry$$00000009)
    __rt_entry_main                          0x080002a3   Thumb Code     0  __rtentry2.o(.ARM.Collect$$rtentry$$0000000D)
    __rt_entry_postli_1                      0x080002a3   Thumb Code     0  __rtentry2.o(.ARM.Collect$$rtentry$$0000000C)
    __rt_exit                                0x080002ab   Thumb Code     0  rtexit.o(.ARM.Collect$$rtexit$$00000000)
    __rt_exit_ls                             0x080002ad   Thumb Code     0  rtexit2.o(.ARM.Collect$$rtexit$$00000003)
    __rt_exit_prels_1                        0x080002ad   Thumb Code     0  rtexit2.o(.ARM.Collect$$rtexit$$00000002)
    __rt_exit_exit                           0x080002b1   Thumb Code     0  rtexit2.o(.ARM.Collect$$rtexit$$00000004)
    Reset_Handler                            0x080002b9   Thumb Code    62  startup_stm32l476xx.o(.text)
    NMI_Handler                              0x080002f7   Thumb Code     2  startup_stm32l476xx.o(.text)
    HardFault_Handler                        0x080002f9   Thumb Code     2  startup_stm32l476xx.o(.text)
    MemManage_Handler                        0x080002fb   Thumb Code     2  startup_stm32l476xx.o(.text)
    BusFault_Handler                         0x080002fd   Thumb Code     2  startup_stm32l476xx.o(.text)
    UsageFault_Handler                       0x080002ff   Thumb Code     2  startup_stm32l476xx.o(.text)
    SVC_Handler                              0x08000301   Thumb Code     2  startup_stm32l476xx.o(.text)
    DebugMon_Handler                         0x08000303   Thumb Code     2  startup_stm32l476xx.o(.text)
    PendSV_Handler                           0x08000305   Thumb Code     2  startup_stm32l476xx.o(.text)
    SysTick_Handler                          0x08000307   Thumb Code     2  startup_stm32l476xx.o(.text)
    ADC1_2_IRQHandler                        0x08000309   Thumb Code     0  startup_stm32l476xx.o(.text)
    ADC3_IRQHandler                          0x08000309   Thumb Code     0  startup_stm32l476xx.o(.text)
    CAN1_RX0_IRQHandler                      0x08000309   Thumb Code     0  startup_stm32l476xx.o(.text)
    CAN1_RX1_IRQHandler                      0x08000309   Thumb Code     0  startup_stm32l476xx.o(.text)
    CAN1_SCE_IRQHandler                      0x08000309   Thumb Code     0  startup_stm32l476xx.o(.text)
    CAN1_TX_IRQHandler                       0x08000309   Thumb Code     0  startup_stm32l476xx.o(.text)
    COMP_IRQHandler                          0x08000309   Thumb Code     0  startup_stm32l476xx.o(.text)
    DFSDM0_IRQHandler                        0x08000309   Thumb Code     0  startup_stm32l476xx.o(.text)
    DFSDM1_IRQHandler                        0x08000309   Thumb Code     0  startup_stm32l476xx.o(.text)
    DFSDM2_IRQHandler                        0x08000309   Thumb Code     0  startup_stm32l476xx.o(.text)
    DFSDM3_IRQHandler                        0x08000309   Thumb Code     0  startup_stm32l476xx.o(.text)
    DMA1_Channel1_IRQHandler                 0x08000309   Thumb Code     0  startup_stm32l476xx.o(.text)
    DMA1_Channel2_IRQHandler                 0x08000309   Thumb Code     0  startup_stm32l476xx.o(.text)
    DMA1_Channel3_IRQHandler                 0x08000309   Thumb Code     0  startup_stm32l476xx.o(.text)
    DMA1_Channel4_IRQHandler                 0x08000309   Thumb Code     0  startup_stm32l476xx.o(.text)
    DMA1_Channel5_IRQHandler                 0x08000309   Thumb Code     0  startup_stm32l476xx.o(.text)
    DMA1_Channel6_IRQHandler                 0x08000309   Thumb Code     0  startup_stm32l476xx.o(.text)
    DMA1_Channel7_IRQHandler                 0x08000309   Thumb Code     0  startup_stm32l476xx.o(.text)
    DMA2_Channel1_IRQHandler                 0x08000309   Thumb Code     0  startup_stm32l476xx.o(.text)
    DMA2_Channel2_IRQHandler                 0x08000309   Thumb Code     0  startup_stm32l476xx.o(.text)
    DMA2_Channel3_IRQHandler                 0x08000309   Thumb Code     0  startup_stm32l476xx.o(.text)
    DMA2_Channel4_IRQHandler                 0x08000309   Thumb Code     0  startup_stm32l476xx.o(.text)
    DMA2_Channel5_IRQHandler                 0x08000309   Thumb Code     0  startup_stm32l476xx.o(.text)
    DMA2_Channel6_IRQHandler                 0x08000309   Thumb Code     0  startup_stm32l476xx.o(.text)
    DMA2_Channel7_IRQHandler                 0x08000309   Thumb Code     0  startup_stm32l476xx.o(.text)
    EXTI0_IRQHandler                         0x08000309   Thumb Code     0  startup_stm32l476xx.o(.text)
    EXTI15_10_IRQHandler                     0x08000309   Thumb Code     0  startup_stm32l476xx.o(.text)
    EXTI1_IRQHandler                         0x08000309   Thumb Code     0  startup_stm32l476xx.o(.text)
    EXTI2_IRQHandler                         0x08000309   Thumb Code     0  startup_stm32l476xx.o(.text)
    EXTI3_IRQHandler                         0x08000309   Thumb Code     0  startup_stm32l476xx.o(.text)
    EXTI4_IRQHandler                         0x08000309   Thumb Code     0  startup_stm32l476xx.o(.text)
    EXTI9_5_IRQHandler                       0x08000309   Thumb Code     0  startup_stm32l476xx.o(.text)
    FLASH_IRQHandler                         0x08000309   Thumb Code     0  startup_stm32l476xx.o(.text)
    FMC_IRQHandler                           0x08000309   Thumb Code     0  startup_stm32l476xx.o(.text)
    FPU_IRQHandler                           0x08000309   Thumb Code     0  startup_stm32l476xx.o(.text)
    I2C1_ER_IRQHandler                       0x08000309   Thumb Code     0  startup_stm32l476xx.o(.text)
    I2C1_EV_IRQHandler                       0x08000309   Thumb Code     0  startup_stm32l476xx.o(.text)
    I2C2_ER_IRQHandler                       0x08000309   Thumb Code     0  startup_stm32l476xx.o(.text)
    I2C2_EV_IRQHandler                       0x08000309   Thumb Code     0  startup_stm32l476xx.o(.text)
    I2C3_ER_IRQHandler                       0x08000309   Thumb Code     0  startup_stm32l476xx.o(.text)
    I2C3_EV_IRQHandler                       0x08000309   Thumb Code     0  startup_stm32l476xx.o(.text)
    LCD_IRQHandler                           0x08000309   Thumb Code     0  startup_stm32l476xx.o(.text)
    LPTIM1_IRQHandler                        0x08000309   Thumb Code     0  startup_stm32l476xx.o(.text)
    LPTIM2_IRQHandler                        0x08000309   Thumb Code     0  startup_stm32l476xx.o(.text)
    LPUART1_IRQHandler                       0x08000309   Thumb Code     0  startup_stm32l476xx.o(.text)
    OTG_FS_IRQHandler                        0x08000309   Thumb Code     0  startup_stm32l476xx.o(.text)
    PVD_PVM_IRQHandler                       0x08000309   Thumb Code     0  startup_stm32l476xx.o(.text)
    QUADSPI_IRQHandler                       0x08000309   Thumb Code     0  startup_stm32l476xx.o(.text)
    RCC_IRQHandler                           0x08000309   Thumb Code     0  startup_stm32l476xx.o(.text)
    RNG_IRQHandler                           0x08000309   Thumb Code     0  startup_stm32l476xx.o(.text)
    RTC_Alarm_IRQHandler                     0x08000309   Thumb Code     0  startup_stm32l476xx.o(.text)
    RTC_WKUP_IRQHandler                      0x08000309   Thumb Code     0  startup_stm32l476xx.o(.text)
    SAI1_IRQHandler                          0x08000309   Thumb Code     0  startup_stm32l476xx.o(.text)
    SAI2_IRQHandler                          0x08000309   Thumb Code     0  startup_stm32l476xx.o(.text)
    SDMMC1_IRQHandler                        0x08000309   Thumb Code     0  startup_stm32l476xx.o(.text)
    SPI1_IRQHandler                          0x08000309   Thumb Code     0  startup_stm32l476xx.o(.text)
    SPI2_IRQHandler                          0x08000309   Thumb Code     0  startup_stm32l476xx.o(.text)
    SPI3_IRQHandler                          0x08000309   Thumb Code     0  startup_stm32l476xx.o(.text)
    SWPMI1_IRQHandler                        0x08000309   Thumb Code     0  startup_stm32l476xx.o(.text)
    TAMP_STAMP_IRQHandler                    0x08000309   Thumb Code     0  startup_stm32l476xx.o(.text)
    TIM1_BRK_TIM15_IRQHandler                0x08000309   Thumb Code     0  startup_stm32l476xx.o(.text)
    TIM1_CC_IRQHandler                       0x08000309   Thumb Code     0  startup_stm32l476xx.o(.text)
    TIM1_TRG_COM_TIM17_IRQHandler            0x08000309   Thumb Code     0  startup_stm32l476xx.o(.text)
    TIM1_UP_TIM16_IRQHandler                 0x08000309   Thumb Code     0  startup_stm32l476xx.o(.text)
    TIM2_IRQHandler                          0x08000309   Thumb Code     0  startup_stm32l476xx.o(.text)
    TIM3_IRQHandler                          0x08000309   Thumb Code     0  startup_stm32l476xx.o(.text)
    TIM4_IRQHandler                          0x08000309   Thumb Code     0  startup_stm32l476xx.o(.text)
    TIM5_IRQHandler                          0x08000309   Thumb Code     0  startup_stm32l476xx.o(.text)
    TIM6_DAC_IRQHandler                      0x08000309   Thumb Code     0  startup_stm32l476xx.o(.text)
    TIM7_IRQHandler                          0x08000309   Thumb Code     0  startup_stm32l476xx.o(.text)
    TIM8_BRK_IRQHandler                      0x08000309   Thumb Code     0  startup_stm32l476xx.o(.text)
    TIM8_CC_IRQHandler                       0x08000309   Thumb Code     0  startup_stm32l476xx.o(.text)
    TIM8_TRG_COM_IRQHandler                  0x08000309   Thumb Code     0  startup_stm32l476xx.o(.text)
    TIM8_UP_IRQHandler                       0x08000309   Thumb Code     0  startup_stm32l476xx.o(.text)
    TSC_IRQHandler                           0x08000309   Thumb Code     0  startup_stm32l476xx.o(.text)
    UART4_IRQHandler                         0x08000309   Thumb Code     0  startup_stm32l476xx.o(.text)
    UART5_IRQHandler                         0x08000309   Thumb Code     0  startup_stm32l476xx.o(.text)
    USART1_IRQHandler                        0x08000309   Thumb Code     0  startup_stm32l476xx.o(.text)
    USART2_IRQHandler                        0x08000309   Thumb Code     0  startup_stm32l476xx.o(.text)
    USART3_IRQHandler                        0x08000309   Thumb Code     0  startup_stm32l476xx.o(.text)
    WWDG_IRQHandler                          0x08000309   Thumb Code     0  startup_stm32l476xx.o(.text)
    __user_initial_stackheap                 0x0800030d   Thumb Code     0  startup_stm32l476xx.o(.text)
    printf                                   0x08000345   Thumb Code    20  printf.o(.text)
    scanf                                    0x0800035d   Thumb Code    26  scanf.o(.text)
    __use_two_region_memory                  0x0800037d   Thumb Code     2  heapauxi.o(.text)
    __rt_heap_escrow$2region                 0x0800037f   Thumb Code     2  heapauxi.o(.text)
    __rt_heap_expand$2region                 0x08000381   Thumb Code     2  heapauxi.o(.text)
    _printf_pre_padding                      0x08000383   Thumb Code    44  _printf_pad.o(.text)
    _printf_post_padding                     0x080003af   Thumb Code    34  _printf_pad.o(.text)
    _printf_truncate_signed                  0x080003d1   Thumb Code    18  _printf_truncate.o(.text)
    _printf_truncate_unsigned                0x080003e3   Thumb Code    18  _printf_truncate.o(.text)
    _printf_str                              0x080003f5   Thumb Code    82  _printf_str.o(.text)
    _printf_int_dec                          0x08000449   Thumb Code   104  _printf_dec.o(.text)
    _printf_charcount                        0x080004c1   Thumb Code    40  _printf_charcount.o(.text)
    _printf_char_file                        0x080004e9   Thumb Code    32  _printf_char_file.o(.text)
    _printf_wctomb                           0x0800050d   Thumb Code   182  _printf_wctomb.o(.text)
    _printf_longlong_dec                     0x080005d1   Thumb Code   108  _printf_longlong_dec.o(.text)
    _printf_longlong_oct                     0x0800064d   Thumb Code    68  _printf_oct_int_ll.o(.text)
    _printf_int_oct                          0x08000691   Thumb Code    24  _printf_oct_int_ll.o(.text)
    _printf_ll_oct                           0x080006a9   Thumb Code    12  _printf_oct_int_ll.o(.text)
    _printf_longlong_hex                     0x080006bd   Thumb Code    86  _printf_hex_int_ll_ptr.o(.text)
    _printf_int_hex                          0x08000713   Thumb Code    28  _printf_hex_int_ll_ptr.o(.text)
    _printf_ll_hex                           0x0800072f   Thumb Code    12  _printf_hex_int_ll_ptr.o(.text)
    _printf_hex_ptr                          0x0800073b   Thumb Code    18  _printf_hex_int_ll_ptr.o(.text)
    __printf                                 0x08000751   Thumb Code   388  __printf_flags_ss_wp.o(.text)
    _scanf_longlong                          0x080008df   Thumb Code   342  _scanf_longlong.o(.text)
    _scanf_int                               0x08000a3b   Thumb Code   332  _scanf_int.o(.text)
    _scanf_string                            0x08000b8d   Thumb Code   224  _scanf_str.o(.text)
    __vfscanf_char_file                      0x08000c75   Thumb Code    16  scanf_char_file.o(.text)
    _scanf_mbtowc                            0x08000c8d   Thumb Code   276  _scanf_mbtowc.o(.text)
    _scanf_wctomb                            0x08000da7   Thumb Code   232  _scanf_wctomb.o(.text)
    _scanf_wstring                           0x08000e95   Thumb Code   208  _scanf_wstr.o(.text)
    _ll_udiv10                               0x08000f6b   Thumb Code   138  lludiv10.o(.text)
    _printf_int_common                       0x08000ff5   Thumb Code   178  _printf_intcommon.o(.text)
    _printf_fp_dec_real                      0x08001257   Thumb Code   620  _printf_fp_dec.o(.text)
    _printf_fp_hex_real                      0x080014c9   Thumb Code   756  _printf_fp_hex.o(.text)
    _printf_char_common                      0x080017d7   Thumb Code    32  _printf_char_common.o(.text)
    _printf_cs_common                        0x080017fd   Thumb Code    20  _printf_char.o(.text)
    _printf_char                             0x08001811   Thumb Code    16  _printf_char.o(.text)
    _printf_string                           0x08001821   Thumb Code     8  _printf_char.o(.text)
    _printf_lcs_common                       0x08001829   Thumb Code    20  _printf_wchar.o(.text)
    _printf_wchar                            0x0800183d   Thumb Code    16  _printf_wchar.o(.text)
    _printf_wstring                          0x0800184d   Thumb Code     8  _printf_wchar.o(.text)
    _chval                                   0x08001855   Thumb Code    28  _chval.o(.text)
    _scanf_really_real                       0x08001abd   Thumb Code   684  scanf_fp.o(.text)
    __vfscanf_char                           0x08001d85   Thumb Code    24  scanf_char.o(.text)
    _scanf_wcharmap                          0x08001da5   Thumb Code    30  _scanf_wcharmap.o(.text)
    ___backspace$unlocked                    0x08001dc3   Thumb Code     2  backspace.o(.text)
    __backspace                              0x08001dc5   Thumb Code    70  backspace.o(.text)
    ferror                                   0x08001e0b   Thumb Code     8  ferror.o(.text)
    _mbrtoc16                                0x08001e13   Thumb Code    64  _mbrtoc16.o(.text)
    _mbrtowc                                 0x08001e13   Thumb Code     0  _mbrtoc16.o(.text)
    _c16rtomb                                0x08001e53   Thumb Code    72  _c16rtomb.o(.text)
    _wcrtomb                                 0x08001e53   Thumb Code     0  _c16rtomb.o(.text)
    __user_setup_stackheap                   0x08001e9b   Thumb Code    74  sys_stackheap_outer.o(.text)
    __rt_ctype_table                         0x08001ee5   Thumb Code    16  rt_ctype_table.o(.text)
    __rt_locale                              0x08001ef5   Thumb Code     8  rt_locale_intlibspace.o(.text)
    __aeabi_errno_addr                       0x08001efd   Thumb Code     8  rt_errno_addr_intlibspace.o(.text)
    __errno$intlibspace                      0x08001efd   Thumb Code     0  rt_errno_addr_intlibspace.o(.text)
    __rt_errno_addr$intlibspace              0x08001efd   Thumb Code     0  rt_errno_addr_intlibspace.o(.text)
    __aeabi_llsl                             0x08001f05   Thumb Code     0  llshl.o(.text)
    _ll_shift_l                              0x08001f05   Thumb Code    38  llshl.o(.text)
    isspace                                  0x08001f2b   Thumb Code    18  isspace.o(.text)
    _printf_fp_infnan                        0x08001f3d   Thumb Code   112  _printf_fp_infnan.o(.text)
    __vfscanf                                0x08001fbd   Thumb Code   878  _scanf.o(.text)
    _btod_etento                             0x08002339   Thumb Code   224  bigflt0.o(.text)
    _ungetc_internal                         0x0800241d   Thumb Code    60  ungetc.o(.text)
    ungetc                                   0x0800241d   Thumb Code     0  ungetc.o(.text)
    exit                                     0x08002465   Thumb Code    18  exit.o(.text)
    __user_libspace                          0x08002479   Thumb Code     8  libspace.o(.text)
    __user_perproc_libspace                  0x08002479   Thumb Code     0  libspace.o(.text)
    __user_perthread_libspace                0x08002479   Thumb Code     0  libspace.o(.text)
    __read_errno                             0x08002481   Thumb Code    10  _rserrno.o(.text)
    __set_errno                              0x0800248b   Thumb Code    12  _rserrno.o(.text)
    _scanf_really_hex_real                   0x08002499   Thumb Code   786  scanf_hexfp.o(.text)
    _scanf_really_infnan                     0x080027c1   Thumb Code   292  scanf_infnan.o(.text)
    strcmp                                   0x08002901   Thumb Code   124  strcmpv7em.o(.text)
    _sys_exit                                0x0800297d   Thumb Code     8  sys_exit.o(.text)
    __I$use$semihosting                      0x08002989   Thumb Code     0  use_no_semi.o(.text)
    __use_no_semihosting_swi                 0x08002989   Thumb Code     2  use_no_semi.o(.text)
    __semihosting_library_function           0x0800298b   Thumb Code     0  indicate_semi.o(.text)
    Green_LED_Off                            0x0800298d   Thumb Code    16  led.o(.text.Green_LED_Off)
    Green_LED_On                             0x0800299d   Thumb Code    16  led.o(.text.Green_LED_On)
    Init_USARTx                              0x080029ad   Thumb Code    74  main.o(.text.Init_USARTx)
    LED_Init                                 0x080029f9   Thumb Code    74  led.o(.text.LED_Init)
    System_Clock_Init                        0x08002a45   Thumb Code   466  sysclock.o(.text.System_Clock_Init)
    UART1_GPIO_Init                          0x08002c19   Thumb Code   218  uart.o(.text.UART1_GPIO_Init)
    UART1_Init                               0x08002cf5   Thumb Code    42  uart.o(.text.UART1_Init)
    UART2_GPIO_Init                          0x08002d21   Thumb Code   206  uart.o(.text.UART2_GPIO_Init)
    UART2_Init                               0x08002df1   Thumb Code    42  uart.o(.text.UART2_Init)
    USART_Delay                              0x08002e1d   Thumb Code    50  uart.o(.text.USART_Delay)
    USART_Init                               0x08002e51   Thumb Code    96  uart.o(.text.USART_Init)
    USART_Read                               0x08002eb1   Thumb Code    30  uart.o(.text.USART_Read)
    USART_Write                              0x08002ed1   Thumb Code   100  uart.o(.text.USART_Write)
    fgetc                                    0x08002f35   Thumb Code    30  uart_printf.o(.text.fgetc)
    fputc                                    0x08002f55   Thumb Code    38  uart_printf.o(.text.fputc)
    main                                     0x08002f7d   Thumb Code   154  main.o(.text.main)
    _btod_d2e                                0x08003017   Thumb Code    62  btod.o(CL$$btod_d2e)
    _d2e_denorm_low                          0x08003055   Thumb Code    70  btod.o(CL$$btod_d2e_denorm_low)
    _d2e_norm_op1                            0x0800309b   Thumb Code    96  btod.o(CL$$btod_d2e_norm_op1)
    __btod_div_common                        0x080030fd   Thumb Code   696  btod.o(CL$$btod_div_common)
    _e2d                                     0x08003435   Thumb Code   122  btod.o(CL$$btod_e2d)
    _e2e                                     0x080034b9   Thumb Code   220  btod.o(CL$$btod_e2e)
    _btod_ediv                               0x08003595   Thumb Code    42  btod.o(CL$$btod_ediv)
    _btod_edivd                              0x080035bf   Thumb Code    42  btod.o(CL$$btod_edivd)
    _btod_emul                               0x080035e9   Thumb Code    42  btod.o(CL$$btod_emul)
    _btod_emuld                              0x08003613   Thumb Code    42  btod.o(CL$$btod_emuld)
    __btod_mult_common                       0x0800363d   Thumb Code   580  btod.o(CL$$btod_mult_common)
    __ARM_fpclassify                         0x08003881   Thumb Code    48  fpclassify.o(i.__ARM_fpclassify)
    __hardfp___mathlib_tofloat               0x080038b1   Thumb Code   232  narrow.o(i.__hardfp___mathlib_tofloat)
    __hardfp_ldexp                           0x080039a9   Thumb Code   200  ldexp.o(i.__hardfp_ldexp)
    __mathlib_dbl_overflow                   0x08003a79   Thumb Code    24  dunder.o(i.__mathlib_dbl_overflow)
    __mathlib_dbl_underflow                  0x08003a99   Thumb Code    24  dunder.o(i.__mathlib_dbl_underflow)
    __mathlib_narrow                         0x08003ab9   Thumb Code    18  narrow.o(i.__mathlib_narrow)
    __support_ldexp                          0x08003acb   Thumb Code    20  ldexp.o(i.__support_ldexp)
    _is_digit                                0x08003adf   Thumb Code    14  __printf_wp.o(i._is_digit)
    frexp                                    0x08003af1   Thumb Code   118  frexp.o(i.frexp)
    _get_lc_numeric                          0x08003b7d   Thumb Code    44  lc_numeric_c.o(locale$$code)
    _get_lc_ctype                            0x08003ba9   Thumb Code    44  lc_ctype_c.o(locale$$code)
    __aeabi_d2f                              0x08003bd5   Thumb Code     0  d2f.o(x$fpl$d2f)
    _d2f                                     0x08003bd5   Thumb Code    98  d2f.o(x$fpl$d2f)
    __fpl_dcheck_NaN1                        0x08003c39   Thumb Code    10  dcheck1.o(x$fpl$dcheck1)
    __fpl_dcmp_Inf                           0x08003c49   Thumb Code    24  dcmpi.o(x$fpl$dcmpinf)
    __aeabi_cdcmpeq                          0x08003c61   Thumb Code     0  deqf.o(x$fpl$deqf)
    _dcmpeq                                  0x08003c61   Thumb Code   120  deqf.o(x$fpl$deqf)
    __aeabi_cdcmple                          0x08003cd9   Thumb Code     0  dleqf.o(x$fpl$dleqf)
    _dcmple                                  0x08003cd9   Thumb Code   120  dleqf.o(x$fpl$dleqf)
    __fpl_dcmple_InfNaN                      0x08003d3b   Thumb Code     0  dleqf.o(x$fpl$dleqf)
    __aeabi_dmul                             0x08003d51   Thumb Code     0  dmul.o(x$fpl$dmul)
    _dmul                                    0x08003d51   Thumb Code   332  dmul.o(x$fpl$dmul)
    __fpl_dnaninf                            0x08003ea5   Thumb Code   156  dnaninf.o(x$fpl$dnaninf)
    __fpl_dretinf                            0x08003f41   Thumb Code    12  dretinf.o(x$fpl$dretinf)
    __aeabi_cdrcmple                         0x08003f4d   Thumb Code     0  drleqf.o(x$fpl$drleqf)
    _drcmple                                 0x08003f4d   Thumb Code   108  drleqf.o(x$fpl$drleqf)
    _fp_init                                 0x08003fb9   Thumb Code    26  fpinit.o(x$fpl$fpinit)
    __fplib_config_fpu_vfp                   0x08003fd1   Thumb Code     0  fpinit.o(x$fpl$fpinit)
    __fplib_config_pureend_doubles           0x08003fd1   Thumb Code     0  fpinit.o(x$fpl$fpinit)
    __fpl_fretinf                            0x08003fd3   Thumb Code    10  fretinf.o(x$fpl$fretinf)
    __ieee_status                            0x08003fdd   Thumb Code     6  istatus.o(x$fpl$ieeestatus)
    _printf_fp_dec                           0x08003fe3   Thumb Code     4  printf1.o(x$fpl$printf1)
    _printf_fp_hex                           0x08003fe7   Thumb Code     4  printf2.o(x$fpl$printf2)
    __fpl_return_NaN                         0x08003feb   Thumb Code   100  retnan.o(x$fpl$retnan)
    __ARM_scalbn                             0x0800404f   Thumb Code    92  scalbn.o(x$fpl$scalbn)
    _scanf_real                              0x080040ab   Thumb Code     4  scanf1.o(x$fpl$scanf1)
    _scanf_hex_real                          0x080040af   Thumb Code     4  scanf2.o(x$fpl$scanf2)
    _scanf_infnan                            0x080040b3   Thumb Code     4  scanf2.o(x$fpl$scanf2)
    __fpl_cmpreturn                          0x080040b7   Thumb Code    48  trapv.o(x$fpl$trapveneer)
    __I$use$fp                               0x080040e6   Number         0  usenofp.o(x$fpl$usenofp)
    Region$$Table$$Base                      0x08004284   Number         0  anon$$obj.o(Region$$Table)
    Region$$Table$$Limit                     0x08004294   Number         0  anon$$obj.o(Region$$Table)
    __aeabi_HUGE_VAL                         0x08004294   Data           0  fpconst.o(c$$dinf)
    __aeabi_HUGE_VALL                        0x08004294   Data           0  fpconst.o(c$$dinf)
    __aeabi_INFINITY                         0x08004294   Data           0  fpconst.o(c$$dinf)
    __dInf                                   0x08004294   Data           0  fpconst.o(c$$dinf)
    __huge_val                               0x08004294   Data           0  fpconst.o(c$$dinf)
    __dbl_max                                0x0800429c   Data           0  fpconst.o(c$$dmax)
    __ctype                                  0x080042cd   Data           0  lc_ctype_c.o(locale$$data)
    Image$$ER_IROM1$$RO$$Limit               0x080043d0   Number         0  anon$$obj.o ABSOLUTE
    Image$$ER_IROM1$$RW$$Base                0x080043d0   Number         0  anon$$obj.o ABSOLUTE
    Image$$ER_IROM1$$RW$$Limit               0x080043d0   Number         0  anon$$obj.o ABSOLUTE
    Image$$ER_IROM1$$ZI$$Base                0x080043d0   Number         0  anon$$obj.o ABSOLUTE
    Image$$ER_IROM1$$ZI$$Limit               0x080043d0   Number         0  anon$$obj.o ABSOLUTE
    Load$$RW_IRAM1$$Base                     0x080043d0   Number         0  anon$$obj.o ABSOLUTE
    Image$$RW_IRAM1$$Base                    0x20000000   Number         0  anon$$obj.o ABSOLUTE
    Image$$RW_IRAM1$$Limit                   0x20000000   Number         0  anon$$obj.o ABSOLUTE
    Image$$RW_IRAM1$$RO$$Base                0x20000000   Number         0  anon$$obj.o ABSOLUTE
    Image$$RW_IRAM1$$RW$$Base                0x20000000   Number         0  anon$$obj.o ABSOLUTE
    Image$$RW_IRAM1$$RW$$Limit               0x20000000   Number         0  anon$$obj.o ABSOLUTE
    Image$$RW_IRAM1$$ZI$$Base                0x20000000   Number         0  anon$$obj.o ABSOLUTE
    __libspace_start                         0x20000000   Data          96  libspace.o(.bss)
    __stdin                                  0x20000060   Data          84  uart_printf.o(.bss.__stdin)
    __temporary_stack_top$libspace           0x20000060   Data           0  libspace.o(.bss)
    __stdout                                 0x200000b4   Data          84  uart_printf.o(.bss.__stdout)
    Image$$RW_IRAM1$$ZI$$Limit               0x20000708   Number         0  anon$$obj.o ABSOLUTE



==============================================================================

Memory Map of the image

  Image Entry point : 0x08000189

  Load Region LR_IROM1 (Base: 0x08000000, Size: 0x000043d0, Max: 0x00100000, ABSOLUTE)

    Execution Region ER_IROM1 (Exec base: 0x08000000, Load base: 0x08000000, Size: 0x000043d0, Max: 0x00100000, ABSOLUTE)

    Exec Addr    Load Addr    Size         Type   Attr      Idx    E Section Name        Object

    0x08000000   0x08000000   0x00000188   Data   RO           31    RESET               startup_stm32l476xx.o
    0x08000188   0x08000188   0x00000008   Code   RO           90  * !!!main             c_w.l(__main.o)
    0x08000190   0x08000190   0x00000034   Code   RO          569    !!!scatter          c_w.l(__scatter.o)
    0x080001c4   0x080001c4   0x0000001c   Code   RO          571    !!handler_zi        c_w.l(__scatter_zi.o)
    0x080001e0   0x080001e0   0x00000000   Code   RO          172    .ARM.Collect$$_printf_percent$$00000000  c_w.l(_printf_percent.o)
    0x080001e0   0x080001e0   0x00000006   Code   RO          161    .ARM.Collect$$_printf_percent$$00000001  c_w.l(_printf_n.o)
    0x080001e6   0x080001e6   0x00000006   Code   RO          163    .ARM.Collect$$_printf_percent$$00000002  c_w.l(_printf_p.o)
    0x080001ec   0x080001ec   0x00000006   Code   RO          168    .ARM.Collect$$_printf_percent$$00000003  c_w.l(_printf_f.o)
    0x080001f2   0x080001f2   0x00000006   Code   RO          169    .ARM.Collect$$_printf_percent$$00000004  c_w.l(_printf_e.o)
    0x080001f8   0x080001f8   0x00000006   Code   RO          170    .ARM.Collect$$_printf_percent$$00000005  c_w.l(_printf_g.o)
    0x080001fe   0x080001fe   0x00000006   Code   RO          171    .ARM.Collect$$_printf_percent$$00000006  c_w.l(_printf_a.o)
    0x08000204   0x08000204   0x0000000a   Code   RO          176    .ARM.Collect$$_printf_percent$$00000007  c_w.l(_printf_ll.o)
    0x0800020e   0x0800020e   0x00000006   Code   RO          165    .ARM.Collect$$_printf_percent$$00000008  c_w.l(_printf_i.o)
    0x08000214   0x08000214   0x00000006   Code   RO          166    .ARM.Collect$$_printf_percent$$00000009  c_w.l(_printf_d.o)
    0x0800021a   0x0800021a   0x00000006   Code   RO          167    .ARM.Collect$$_printf_percent$$0000000A  c_w.l(_printf_u.o)
    0x08000220   0x08000220   0x00000006   Code   RO          164    .ARM.Collect$$_printf_percent$$0000000B  c_w.l(_printf_o.o)
    0x08000226   0x08000226   0x00000006   Code   RO          162    .ARM.Collect$$_printf_percent$$0000000C  c_w.l(_printf_x.o)
    0x0800022c   0x0800022c   0x00000006   Code   RO          173    .ARM.Collect$$_printf_percent$$0000000D  c_w.l(_printf_lli.o)
    0x08000232   0x08000232   0x00000006   Code   RO          174    .ARM.Collect$$_printf_percent$$0000000E  c_w.l(_printf_lld.o)
    0x08000238   0x08000238   0x00000006   Code   RO          175    .ARM.Collect$$_printf_percent$$0000000F  c_w.l(_printf_llu.o)
    0x0800023e   0x0800023e   0x00000006   Code   RO          180    .ARM.Collect$$_printf_percent$$00000010  c_w.l(_printf_llo.o)
    0x08000244   0x08000244   0x00000006   Code   RO          181    .ARM.Collect$$_printf_percent$$00000011  c_w.l(_printf_llx.o)
    0x0800024a   0x0800024a   0x0000000a   Code   RO          177    .ARM.Collect$$_printf_percent$$00000012  c_w.l(_printf_l.o)
    0x08000254   0x08000254   0x00000006   Code   RO          159    .ARM.Collect$$_printf_percent$$00000013  c_w.l(_printf_c.o)
    0x0800025a   0x0800025a   0x00000006   Code   RO          160    .ARM.Collect$$_printf_percent$$00000014  c_w.l(_printf_s.o)
    0x08000260   0x08000260   0x00000006   Code   RO          178    .ARM.Collect$$_printf_percent$$00000015  c_w.l(_printf_lc.o)
    0x08000266   0x08000266   0x00000006   Code   RO          179    .ARM.Collect$$_printf_percent$$00000016  c_w.l(_printf_ls.o)
    0x0800026c   0x0800026c   0x00000004   Code   RO          238    .ARM.Collect$$_printf_percent$$00000017  c_w.l(_printf_percent_end.o)
    0x08000270   0x08000270   0x00000002   Code   RO          329    .ARM.Collect$$libinit$$00000000  c_w.l(libinit.o)
    0x08000272   0x08000272   0x00000004   Code   RO          371    .ARM.Collect$$libinit$$00000001  c_w.l(libinit2.o)
    0x08000276   0x08000276   0x00000000   Code   RO          374    .ARM.Collect$$libinit$$00000004  c_w.l(libinit2.o)
    0x08000276   0x08000276   0x00000000   Code   RO          376    .ARM.Collect$$libinit$$00000006  c_w.l(libinit2.o)
    0x08000276   0x08000276   0x00000000   Code   RO          379    .ARM.Collect$$libinit$$0000000C  c_w.l(libinit2.o)
    0x08000276   0x08000276   0x00000000   Code   RO          381    .ARM.Collect$$libinit$$0000000E  c_w.l(libinit2.o)
    0x08000276   0x08000276   0x00000000   Code   RO          383    .ARM.Collect$$libinit$$00000010  c_w.l(libinit2.o)
    0x08000276   0x08000276   0x00000006   Code   RO          384    .ARM.Collect$$libinit$$00000011  c_w.l(libinit2.o)
    0x0800027c   0x0800027c   0x00000000   Code   RO          386    .ARM.Collect$$libinit$$00000013  c_w.l(libinit2.o)
    0x0800027c   0x0800027c   0x0000000c   Code   RO          387    .ARM.Collect$$libinit$$00000014  c_w.l(libinit2.o)
    0x08000288   0x08000288   0x00000000   Code   RO          388    .ARM.Collect$$libinit$$00000015  c_w.l(libinit2.o)
    0x08000288   0x08000288   0x00000000   Code   RO          390    .ARM.Collect$$libinit$$00000017  c_w.l(libinit2.o)
    0x08000288   0x08000288   0x0000000a   Code   RO          391    .ARM.Collect$$libinit$$00000018  c_w.l(libinit2.o)
    0x08000292   0x08000292   0x00000000   Code   RO          392    .ARM.Collect$$libinit$$00000019  c_w.l(libinit2.o)
    0x08000292   0x08000292   0x00000000   Code   RO          394    .ARM.Collect$$libinit$$0000001B  c_w.l(libinit2.o)
    0x08000292   0x08000292   0x00000000   Code   RO          396    .ARM.Collect$$libinit$$0000001D  c_w.l(libinit2.o)
    0x08000292   0x08000292   0x00000000   Code   RO          398    .ARM.Collect$$libinit$$0000001F  c_w.l(libinit2.o)
    0x08000292   0x08000292   0x00000000   Code   RO          400    .ARM.Collect$$libinit$$00000021  c_w.l(libinit2.o)
    0x08000292   0x08000292   0x00000000   Code   RO          402    .ARM.Collect$$libinit$$00000023  c_w.l(libinit2.o)
    0x08000292   0x08000292   0x00000000   Code   RO          404    .ARM.Collect$$libinit$$00000025  c_w.l(libinit2.o)
    0x08000292   0x08000292   0x00000000   Code   RO          406    .ARM.Collect$$libinit$$00000027  c_w.l(libinit2.o)
    0x08000292   0x08000292   0x00000000   Code   RO          410    .ARM.Collect$$libinit$$0000002E  c_w.l(libinit2.o)
    0x08000292   0x08000292   0x00000000   Code   RO          412    .ARM.Collect$$libinit$$00000030  c_w.l(libinit2.o)
    0x08000292   0x08000292   0x00000000   Code   RO          414    .ARM.Collect$$libinit$$00000032  c_w.l(libinit2.o)
    0x08000292   0x08000292   0x00000000   Code   RO          416    .ARM.Collect$$libinit$$00000034  c_w.l(libinit2.o)
    0x08000292   0x08000292   0x00000002   Code   RO          417    .ARM.Collect$$libinit$$00000035  c_w.l(libinit2.o)
    0x08000294   0x08000294   0x00000002   Code   RO          471    .ARM.Collect$$libshutdown$$00000000  c_w.l(libshutdown.o)
    0x08000296   0x08000296   0x00000000   Code   RO          504    .ARM.Collect$$libshutdown$$00000002  c_w.l(libshutdown2.o)
    0x08000296   0x08000296   0x00000000   Code   RO          506    .ARM.Collect$$libshutdown$$00000004  c_w.l(libshutdown2.o)
    0x08000296   0x08000296   0x00000000   Code   RO          509    .ARM.Collect$$libshutdown$$00000007  c_w.l(libshutdown2.o)
    0x08000296   0x08000296   0x00000000   Code   RO          512    .ARM.Collect$$libshutdown$$0000000A  c_w.l(libshutdown2.o)
    0x08000296   0x08000296   0x00000000   Code   RO          514    .ARM.Collect$$libshutdown$$0000000C  c_w.l(libshutdown2.o)
    0x08000296   0x08000296   0x00000000   Code   RO          517    .ARM.Collect$$libshutdown$$0000000F  c_w.l(libshutdown2.o)
    0x08000296   0x08000296   0x00000002   Code   RO          518    .ARM.Collect$$libshutdown$$00000010  c_w.l(libshutdown2.o)
    0x08000298   0x08000298   0x00000000   Code   RO           92    .ARM.Collect$$rtentry$$00000000  c_w.l(__rtentry.o)
    0x08000298   0x08000298   0x00000000   Code   RO          207    .ARM.Collect$$rtentry$$00000002  c_w.l(__rtentry2.o)
    0x08000298   0x08000298   0x00000006   Code   RO          219    .ARM.Collect$$rtentry$$00000004  c_w.l(__rtentry4.o)
    0x0800029e   0x0800029e   0x00000000   Code   RO          209    .ARM.Collect$$rtentry$$00000009  c_w.l(__rtentry2.o)
    0x0800029e   0x0800029e   0x00000004   Code   RO          210    .ARM.Collect$$rtentry$$0000000A  c_w.l(__rtentry2.o)
    0x080002a2   0x080002a2   0x00000000   Code   RO          212    .ARM.Collect$$rtentry$$0000000C  c_w.l(__rtentry2.o)
    0x080002a2   0x080002a2   0x00000008   Code   RO          213    .ARM.Collect$$rtentry$$0000000D  c_w.l(__rtentry2.o)
    0x080002aa   0x080002aa   0x00000002   Code   RO          356    .ARM.Collect$$rtexit$$00000000  c_w.l(rtexit.o)
    0x080002ac   0x080002ac   0x00000000   Code   RO          431    .ARM.Collect$$rtexit$$00000002  c_w.l(rtexit2.o)
    0x080002ac   0x080002ac   0x00000004   Code   RO          432    .ARM.Collect$$rtexit$$00000003  c_w.l(rtexit2.o)
    0x080002b0   0x080002b0   0x00000006   Code   RO          433    .ARM.Collect$$rtexit$$00000004  c_w.l(rtexit2.o)
    0x080002b6   0x080002b6   0x00000002   PAD
    0x080002b8   0x080002b8   0x0000008c   Code   RO           32    .text               startup_stm32l476xx.o
    0x08000344   0x08000344   0x00000018   Code   RO           84    .text               c_w.l(printf.o)
    0x0800035c   0x0800035c   0x00000020   Code   RO           86    .text               c_w.l(scanf.o)
    0x0800037c   0x0800037c   0x00000006   Code   RO           88    .text               c_w.l(heapauxi.o)
    0x08000382   0x08000382   0x0000004e   Code   RO           95    .text               c_w.l(_printf_pad.o)
    0x080003d0   0x080003d0   0x00000024   Code   RO           97    .text               c_w.l(_printf_truncate.o)
    0x080003f4   0x080003f4   0x00000052   Code   RO           99    .text               c_w.l(_printf_str.o)
    0x08000446   0x08000446   0x00000002   PAD
    0x08000448   0x08000448   0x00000078   Code   RO          101    .text               c_w.l(_printf_dec.o)
    0x080004c0   0x080004c0   0x00000028   Code   RO          103    .text               c_w.l(_printf_charcount.o)
    0x080004e8   0x080004e8   0x00000024   Code   RO          105    .text               c_w.l(_printf_char_file.o)
    0x0800050c   0x0800050c   0x000000c2   Code   RO          107    .text               c_w.l(_printf_wctomb.o)
    0x080005ce   0x080005ce   0x00000002   PAD
    0x080005d0   0x080005d0   0x0000007c   Code   RO          110    .text               c_w.l(_printf_longlong_dec.o)
    0x0800064c   0x0800064c   0x00000070   Code   RO          116    .text               c_w.l(_printf_oct_int_ll.o)
    0x080006bc   0x080006bc   0x00000094   Code   RO          136    .text               c_w.l(_printf_hex_int_ll_ptr.o)
    0x08000750   0x08000750   0x0000018e   Code   RO          156    .text               c_w.l(__printf_flags_ss_wp.o)
    0x080008de   0x080008de   0x0000015c   Code   RO          182    .text               c_w.l(_scanf_longlong.o)
    0x08000a3a   0x08000a3a   0x00000152   Code   RO          184    .text               c_w.l(_scanf_int.o)
    0x08000b8c   0x08000b8c   0x000000e6   Code   RO          186    .text               c_w.l(_scanf_str.o)
    0x08000c72   0x08000c72   0x00000002   PAD
    0x08000c74   0x08000c74   0x00000018   Code   RO          188    .text               c_w.l(scanf_char_file.o)
    0x08000c8c   0x08000c8c   0x0000011a   Code   RO          190    .text               c_w.l(_scanf_mbtowc.o)
    0x08000da6   0x08000da6   0x000000ee   Code   RO          192    .text               c_w.l(_scanf_wctomb.o)
    0x08000e94   0x08000e94   0x000000d6   Code   RO          194    .text               c_w.l(_scanf_wstr.o)
    0x08000f6a   0x08000f6a   0x0000008a   Code   RO          221    .text               c_w.l(lludiv10.o)
    0x08000ff4   0x08000ff4   0x000000b2   Code   RO          223    .text               c_w.l(_printf_intcommon.o)
    0x080010a6   0x080010a6   0x00000422   Code   RO          225    .text               c_w.l(_printf_fp_dec.o)
    0x080014c8   0x080014c8   0x00000302   Code   RO          229    .text               c_w.l(_printf_fp_hex.o)
    0x080017ca   0x080017ca   0x00000002   PAD
    0x080017cc   0x080017cc   0x00000030   Code   RO          232    .text               c_w.l(_printf_char_common.o)
    0x080017fc   0x080017fc   0x0000002c   Code   RO          234    .text               c_w.l(_printf_char.o)
    0x08001828   0x08001828   0x0000002c   Code   RO          236    .text               c_w.l(_printf_wchar.o)
    0x08001854   0x08001854   0x0000001c   Code   RO          239    .text               c_w.l(_chval.o)
    0x08001870   0x08001870   0x00000508   Code   RO          241    .text               c_w.l(scanf_fp.o)
    0x08001d78   0x08001d78   0x0000002c   Code   RO          245    .text               c_w.l(scanf_char.o)
    0x08001da4   0x08001da4   0x0000001e   Code   RO          247    .text               c_w.l(_scanf_wcharmap.o)
    0x08001dc2   0x08001dc2   0x00000048   Code   RO          249    .text               c_w.l(backspace.o)
    0x08001e0a   0x08001e0a   0x00000008   Code   RO          251    .text               c_w.l(ferror.o)
    0x08001e12   0x08001e12   0x00000040   Code   RO          257    .text               c_w.l(_mbrtoc16.o)
    0x08001e52   0x08001e52   0x00000048   Code   RO          259    .text               c_w.l(_c16rtomb.o)
    0x08001e9a   0x08001e9a   0x0000004a   Code   RO          261    .text               c_w.l(sys_stackheap_outer.o)
    0x08001ee4   0x08001ee4   0x00000010   Code   RO          263    .text               c_w.l(rt_ctype_table.o)
    0x08001ef4   0x08001ef4   0x00000008   Code   RO          268    .text               c_w.l(rt_locale_intlibspace.o)
    0x08001efc   0x08001efc   0x00000008   Code   RO          273    .text               c_w.l(rt_errno_addr_intlibspace.o)
    0x08001f04   0x08001f04   0x00000026   Code   RO          275    .text               c_w.l(llshl.o)
    0x08001f2a   0x08001f2a   0x00000012   Code   RO          277    .text               c_w.l(isspace.o)
    0x08001f3c   0x08001f3c   0x00000080   Code   RO          279    .text               c_w.l(_printf_fp_infnan.o)
    0x08001fbc   0x08001fbc   0x0000037a   Code   RO          283    .text               c_w.l(_scanf.o)
    0x08002336   0x08002336   0x00000002   PAD
    0x08002338   0x08002338   0x000000e4   Code   RO          285    .text               c_w.l(bigflt0.o)
    0x0800241c   0x0800241c   0x00000048   Code   RO          315    .text               c_w.l(ungetc.o)
    0x08002464   0x08002464   0x00000012   Code   RO          320    .text               c_w.l(exit.o)
    0x08002476   0x08002476   0x00000002   PAD
    0x08002478   0x08002478   0x00000008   Code   RO          353    .text               c_w.l(libspace.o)
    0x08002480   0x08002480   0x00000016   Code   RO          358    .text               c_w.l(_rserrno.o)
    0x08002496   0x08002496   0x00000002   PAD
    0x08002498   0x08002498   0x00000326   Code   RO          360    .text               c_w.l(scanf_hexfp.o)
    0x080027be   0x080027be   0x00000002   PAD
    0x080027c0   0x080027c0   0x0000013a   Code   RO          362    .text               c_w.l(scanf_infnan.o)
    0x080028fa   0x080028fa   0x00000006   PAD
    0x08002900   0x08002900   0x0000007c   Code   RO          369    .text               c_w.l(strcmpv7em.o)
    0x0800297c   0x0800297c   0x0000000c   Code   RO          461    .text               c_w.l(sys_exit.o)
    0x08002988   0x08002988   0x00000002   Code   RO          494    .text               c_w.l(use_no_semi.o)
    0x0800298a   0x0800298a   0x00000000   Code   RO          496    .text               c_w.l(indicate_semi.o)
    0x0800298a   0x0800298a   0x00000002   PAD
    0x0800298c   0x0800298c   0x00000010   Code   RO            4    .text.Green_LED_Off  led.o
    0x0800299c   0x0800299c   0x00000010   Code   RO            6    .text.Green_LED_On  led.o
    0x080029ac   0x080029ac   0x0000004a   Code   RO           17    .text.Init_USARTx   main.o
    0x080029f6   0x080029f6   0x00000002   PAD
    0x080029f8   0x080029f8   0x0000004a   Code   RO            2    .text.LED_Init      led.o
    0x08002a42   0x08002a42   0x00000002   PAD
    0x08002a44   0x08002a44   0x000001d2   Code   RO           39    .text.System_Clock_Init  sysclock.o
    0x08002c16   0x08002c16   0x00000002   PAD
    0x08002c18   0x08002c18   0x000000da   Code   RO           51    .text.UART1_GPIO_Init  uart.o
    0x08002cf2   0x08002cf2   0x00000002   PAD
    0x08002cf4   0x08002cf4   0x0000002a   Code   RO           47    .text.UART1_Init    uart.o
    0x08002d1e   0x08002d1e   0x00000002   PAD
    0x08002d20   0x08002d20   0x000000ce   Code   RO           53    .text.UART2_GPIO_Init  uart.o
    0x08002dee   0x08002dee   0x00000002   PAD
    0x08002df0   0x08002df0   0x0000002a   Code   RO           49    .text.UART2_Init    uart.o
    0x08002e1a   0x08002e1a   0x00000002   PAD
    0x08002e1c   0x08002e1c   0x00000032   Code   RO           61    .text.USART_Delay   uart.o
    0x08002e4e   0x08002e4e   0x00000002   PAD
    0x08002e50   0x08002e50   0x00000060   Code   RO           55    .text.USART_Init    uart.o
    0x08002eb0   0x08002eb0   0x0000001e   Code   RO           57    .text.USART_Read    uart.o
    0x08002ece   0x08002ece   0x00000002   PAD
    0x08002ed0   0x08002ed0   0x00000064   Code   RO           59    .text.USART_Write   uart.o
    0x08002f34   0x08002f34   0x0000001e   Code   RO           72    .text.fgetc         uart_printf.o
    0x08002f52   0x08002f52   0x00000002   PAD
    0x08002f54   0x08002f54   0x00000026   Code   RO           70    .text.fputc         uart_printf.o
    0x08002f7a   0x08002f7a   0x00000002   PAD
    0x08002f7c   0x08002f7c   0x0000009a   Code   RO           19    .text.main          main.o
    0x08003016   0x08003016   0x0000003e   Code   RO          288    CL$$btod_d2e        c_w.l(btod.o)
    0x08003054   0x08003054   0x00000046   Code   RO          290    CL$$btod_d2e_denorm_low  c_w.l(btod.o)
    0x0800309a   0x0800309a   0x00000060   Code   RO          289    CL$$btod_d2e_norm_op1  c_w.l(btod.o)
    0x080030fa   0x080030fa   0x00000002   PAD
    0x080030fc   0x080030fc   0x00000338   Code   RO          298    CL$$btod_div_common  c_w.l(btod.o)
    0x08003434   0x08003434   0x00000084   Code   RO          296    CL$$btod_e2d        c_w.l(btod.o)
    0x080034b8   0x080034b8   0x000000dc   Code   RO          295    CL$$btod_e2e        c_w.l(btod.o)
    0x08003594   0x08003594   0x0000002a   Code   RO          292    CL$$btod_ediv       c_w.l(btod.o)
    0x080035be   0x080035be   0x0000002a   Code   RO          294    CL$$btod_edivd      c_w.l(btod.o)
    0x080035e8   0x080035e8   0x0000002a   Code   RO          291    CL$$btod_emul       c_w.l(btod.o)
    0x08003612   0x08003612   0x0000002a   Code   RO          293    CL$$btod_emuld      c_w.l(btod.o)
    0x0800363c   0x0800363c   0x00000244   Code   RO          297    CL$$btod_mult_common  c_w.l(btod.o)
    0x08003880   0x08003880   0x00000030   Code   RO          343    i.__ARM_fpclassify  m_wm.l(fpclassify.o)
    0x080038b0   0x080038b0   0x000000f8   Code   RO          345    i.__hardfp___mathlib_tofloat  m_wm.l(narrow.o)
    0x080039a8   0x080039a8   0x000000d0   Code   RO          453    i.__hardfp_ldexp    m_wm.l(ldexp.o)
    0x08003a78   0x08003a78   0x00000020   Code   RO          480    i.__mathlib_dbl_overflow  m_wm.l(dunder.o)
    0x08003a98   0x08003a98   0x00000020   Code   RO          482    i.__mathlib_dbl_underflow  m_wm.l(dunder.o)
    0x08003ab8   0x08003ab8   0x00000012   Code   RO          346    i.__mathlib_narrow  m_wm.l(narrow.o)
    0x08003aca   0x08003aca   0x00000014   Code   RO          455    i.__support_ldexp   m_wm.l(ldexp.o)
    0x08003ade   0x08003ade   0x0000000e   Code   RO          149    i._is_digit         c_w.l(__printf_wp.o)
    0x08003aec   0x08003aec   0x00000004   PAD
    0x08003af0   0x08003af0   0x0000008c   Code   RO          426    i.frexp             m_wm.l(frexp.o)
    0x08003b7c   0x08003b7c   0x0000002c   Code   RO          318    locale$$code        c_w.l(lc_numeric_c.o)
    0x08003ba8   0x08003ba8   0x0000002c   Code   RO          367    locale$$code        c_w.l(lc_ctype_c.o)
    0x08003bd4   0x08003bd4   0x00000062   Code   RO          418    x$fpl$d2f           fz_wm.l(d2f.o)
    0x08003c36   0x08003c36   0x00000002   PAD
    0x08003c38   0x08003c38   0x00000010   Code   RO          525    x$fpl$dcheck1       fz_wm.l(dcheck1.o)
    0x08003c48   0x08003c48   0x00000018   Code   RO          441    x$fpl$dcmpinf       fz_wm.l(dcmpi.o)
    0x08003c60   0x08003c60   0x00000078   Code   RO          420    x$fpl$deqf          fz_wm.l(deqf.o)
    0x08003cd8   0x08003cd8   0x00000078   Code   RO          443    x$fpl$dleqf         fz_wm.l(dleqf.o)
    0x08003d50   0x08003d50   0x00000154   Code   RO          445    x$fpl$dmul          fz_wm.l(dmul.o)
    0x08003ea4   0x08003ea4   0x0000009c   Code   RO          447    x$fpl$dnaninf       fz_wm.l(dnaninf.o)
    0x08003f40   0x08003f40   0x0000000c   Code   RO          472    x$fpl$dretinf       fz_wm.l(dretinf.o)
    0x08003f4c   0x08003f4c   0x0000006c   Code   RO          422    x$fpl$drleqf        fz_wm.l(drleqf.o)
    0x08003fb8   0x08003fb8   0x0000001a   Code   RO          449    x$fpl$fpinit        fz_wm.l(fpinit.o)
    0x08003fd2   0x08003fd2   0x0000000a   Code   RO          451    x$fpl$fretinf       fz_wm.l(fretinf.o)
    0x08003fdc   0x08003fdc   0x00000006   Code   RO          334    x$fpl$ieeestatus    fz_wm.l(istatus.o)
    0x08003fe2   0x08003fe2   0x00000004   Code   RO          196    x$fpl$printf1       fz_wm.l(printf1.o)
    0x08003fe6   0x08003fe6   0x00000004   Code   RO          198    x$fpl$printf2       fz_wm.l(printf2.o)
    0x08003fea   0x08003fea   0x00000064   Code   RO          537    x$fpl$retnan        fz_wm.l(retnan.o)
    0x0800404e   0x0800404e   0x0000005c   Code   RO          474    x$fpl$scalbn        fz_wm.l(scalbn.o)
    0x080040aa   0x080040aa   0x00000004   Code   RO          204    x$fpl$scanf1        fz_wm.l(scanf1.o)
    0x080040ae   0x080040ae   0x00000008   Code   RO          336    x$fpl$scanf2        fz_wm.l(scanf2.o)
    0x080040b6   0x080040b6   0x00000030   Code   RO          543    x$fpl$trapveneer    fz_wm.l(trapv.o)
    0x080040e6   0x080040e6   0x00000000   Code   RO          342    x$fpl$usenofp       fz_wm.l(usenofp.o)
    0x080040e6   0x080040e6   0x00000002   PAD
    0x080040e8   0x080040e8   0x00000008   Data   RO          108    .constdata          c_w.l(_printf_wctomb.o)
    0x080040f0   0x080040f0   0x00000028   Data   RO          137    .constdata          c_w.l(_printf_hex_int_ll_ptr.o)
    0x08004118   0x08004118   0x00000011   Data   RO          157    .constdata          c_w.l(__printf_flags_ss_wp.o)
    0x08004129   0x08004129   0x00000026   Data   RO          230    .constdata          c_w.l(_printf_fp_hex.o)
    0x0800414f   0x0800414f   0x00000001   PAD
    0x08004150   0x08004150   0x00000094   Data   RO          286    .constdata          c_w.l(bigflt0.o)
    0x080041e4   0x080041e4   0x0000009e   Data   RO           21    .rodata.str1.1      main.o
    0x08004282   0x08004282   0x00000002   PAD
    0x08004284   0x08004284   0x00000010   Data   RO          568    Region$$Table       anon$$obj.o
    0x08004294   0x08004294   0x00000008   Data   RO          330    c$$dinf             fz_wm.l(fpconst.o)
    0x0800429c   0x0800429c   0x00000008   Data   RO          333    c$$dmax             fz_wm.l(fpconst.o)
    0x080042a4   0x080042a4   0x0000001c   Data   RO          317    locale$$data        c_w.l(lc_numeric_c.o)
    0x080042c0   0x080042c0   0x00000110   Data   RO          366    locale$$data        c_w.l(lc_ctype_c.o)


    Execution Region RW_IRAM1 (Exec base: 0x20000000, Load base: 0x080043d0, Size: 0x00000708, Max: 0x00018000, ABSOLUTE)

    Exec Addr    Load Addr    Size         Type   Attr      Idx    E Section Name        Object

    0x20000000        -       0x00000060   Zero   RW          354    .bss                c_w.l(libspace.o)
    0x20000060        -       0x00000054   Zero   RW           75    .bss.__stdin        uart_printf.o
    0x200000b4        -       0x00000054   Zero   RW           74    .bss.__stdout       uart_printf.o
    0x20000108        -       0x00000200   Zero   RW           30    HEAP                startup_stm32l476xx.o
    0x20000308        -       0x00000400   Zero   RW           29    STACK               startup_stm32l476xx.o


==============================================================================

Image component sizes


      Code (inc. data)   RO Data    RW Data    ZI Data      Debug   Object Name

       106          0          0          0          0       1948   led.o
       228          0        158          0          0       1408   main.o
       140         48        392          0       1536        880   startup_stm32l476xx.o
       466          0          0          0          0       2092   sysclock.o
       784          0          0          0          0       3134   uart.o
        68          0          0          0        168       1544   uart_printf.o

    ----------------------------------------------------------------------
      1814         48        568          0       1704      11006   Object Totals
         0          0         16          0          0          0   (incl. Generated)
        22          0          2          0          0          0   (incl. Padding)

    ----------------------------------------------------------------------

      Code (inc. data)   RO Data    RW Data    ZI Data      Debug   Library Member Name

         8          0          0          0          0         68   __main.o
       398          4         17          0          0         92   __printf_flags_ss_wp.o
        14          0          0          0          0         68   __printf_wp.o
         0          0          0          0          0          0   __rtentry.o
        12          0          0          0          0          0   __rtentry2.o
         6          0          0          0          0          0   __rtentry4.o
        52          8          0          0          0          0   __scatter.o
        28          0          0          0          0          0   __scatter_zi.o
        72          0          0          0          0         96   _c16rtomb.o
        28          0          0          0          0         68   _chval.o
        64          0          0          0          0         84   _mbrtoc16.o
         6          0          0          0          0          0   _printf_a.o
         6          0          0          0          0          0   _printf_c.o
        44          0          0          0          0        108   _printf_char.o
        48          6          0          0          0         96   _printf_char_common.o
        36          4          0          0          0         80   _printf_char_file.o
        40          0          0          0          0         68   _printf_charcount.o
         6          0          0          0          0          0   _printf_d.o
       120         16          0          0          0         92   _printf_dec.o
         6          0          0          0          0          0   _printf_e.o
         6          0          0          0          0          0   _printf_f.o
      1058          0          0          0          0        148   _printf_fp_dec.o
       770          8         38          0          0        100   _printf_fp_hex.o
       128         16          0          0          0         84   _printf_fp_infnan.o
         6          0          0          0          0          0   _printf_g.o
       148          4         40          0          0        160   _printf_hex_int_ll_ptr.o
         6          0          0          0          0          0   _printf_i.o
       178          0          0          0          0         88   _printf_intcommon.o
        10          0          0          0          0          0   _printf_l.o
         6          0          0          0          0          0   _printf_lc.o
        10          0          0          0          0          0   _printf_ll.o
         6          0          0          0          0          0   _printf_lld.o
         6          0          0          0          0          0   _printf_lli.o
         6          0          0          0          0          0   _printf_llo.o
         6          0          0          0          0          0   _printf_llu.o
         6          0          0          0          0          0   _printf_llx.o
       124         16          0          0          0         92   _printf_longlong_dec.o
         6          0          0          0          0          0   _printf_ls.o
         6          0          0          0          0          0   _printf_n.o
         6          0          0          0          0          0   _printf_o.o
       112          8          0          0          0        124   _printf_oct_int_ll.o
         6          0          0          0          0          0   _printf_p.o
        78          0          0          0          0        108   _printf_pad.o
         0          0          0          0          0          0   _printf_percent.o
         4          0          0          0          0          0   _printf_percent_end.o
         6          0          0          0          0          0   _printf_s.o
        82          0          0          0          0         80   _printf_str.o
        36          0          0          0          0         84   _printf_truncate.o
         6          0          0          0          0          0   _printf_u.o
        44          0          0          0          0        108   _printf_wchar.o
       194          6          8          0          0         92   _printf_wctomb.o
         6          0          0          0          0          0   _printf_x.o
        22          0          0          0          0        100   _rserrno.o
       890          6          0          0          0        100   _scanf.o
       338          0          0          0          0         96   _scanf_int.o
       348          0          0          0          0        100   _scanf_longlong.o
       282          0          0          0          0        100   _scanf_mbtowc.o
       230          0          0          0          0         96   _scanf_str.o
        30          0          0          0          0         76   _scanf_wcharmap.o
       238          0          0          0          0        100   _scanf_wctomb.o
       214          0          0          0          0         96   _scanf_wstr.o
        72          0          0          0          0         92   backspace.o
       228          4        148          0          0         96   bigflt0.o
      2152        136          0          0          0        956   btod.o
        18          0          0          0          0         80   exit.o
         8          0          0          0          0         68   ferror.o
         6          0          0          0          0        152   heapauxi.o
         0          0          0          0          0          0   indicate_semi.o
        18          0          0          0          0         76   isspace.o
        44         10        272          0          0         76   lc_ctype_c.o
        44         10         28          0          0         76   lc_numeric_c.o
         2          0          0          0          0          0   libinit.o
        34          0          0          0          0          0   libinit2.o
         2          0          0          0          0          0   libshutdown.o
         2          0          0          0          0          0   libshutdown2.o
         8          4          0          0         96         68   libspace.o
        38          0          0          0          0         68   llshl.o
       138          0          0          0          0         80   lludiv10.o
        24          4          0          0          0         84   printf.o
        16          4          0          0          0         76   rt_ctype_table.o
         8          4          0          0          0         68   rt_errno_addr_intlibspace.o
         8          4          0          0          0         68   rt_locale_intlibspace.o
         2          0          0          0          0          0   rtexit.o
        10          0          0          0          0          0   rtexit2.o
        32          6          0          0          0         84   scanf.o
        44          8          0          0          0         84   scanf_char.o
        24          8          0          0          0         68   scanf_char_file.o
      1288         16          0          0          0        168   scanf_fp.o
       806         14          0          0          0        100   scanf_hexfp.o
       314         16          0          0          0        100   scanf_infnan.o
       124          0          0          0          0         88   strcmpv7em.o
        12          4          0          0          0         68   sys_exit.o
        74          0          0          0          0         80   sys_stackheap_outer.o
        72         12          0          0          0         68   ungetc.o
         2          0          0          0          0         68   use_no_semi.o
        98          4          0          0          0        140   d2f.o
        16          4          0          0          0        116   dcheck1.o
        24          0          0          0          0        116   dcmpi.o
       120          4          0          0          0        140   deqf.o
       120          4          0          0          0        140   dleqf.o
       340         12          0          0          0        152   dmul.o
       156          4          0          0          0        140   dnaninf.o
        12          0          0          0          0        116   dretinf.o
       108          0          0          0          0        128   drleqf.o
         0          0         16          0          0          0   fpconst.o
        26          0          0          0          0        116   fpinit.o
        10          0          0          0          0        116   fretinf.o
         6          0          0          0          0        116   istatus.o
         4          0          0          0          0        116   printf1.o
         4          0          0          0          0        116   printf2.o
       100          0          0          0          0        116   retnan.o
        92          0          0          0          0        116   scalbn.o
         4          0          0          0          0        116   scanf1.o
         8          0          0          0          0        132   scanf2.o
        48          0          0          0          0        116   trapv.o
         0          0          0          0          0          0   usenofp.o
        64         16          0          0          0        248   dunder.o
        48          0          0          0          0        124   fpclassify.o
       140         22          0          0          0        132   frexp.o
       228          8          0          0          0        308   ldexp.o
       266         16          0          0          0        308   narrow.o

    ----------------------------------------------------------------------
     14410        460        568          0         96       9696   Library Totals
        36          0          1          0          0          0   (incl. Padding)

    ----------------------------------------------------------------------

      Code (inc. data)   RO Data    RW Data    ZI Data      Debug   Library Name

     12332        366        551          0         96       6212   c_w.l
      1296         32         16          0          0       2364   fz_wm.l
       746         62          0          0          0       1120   m_wm.l

    ----------------------------------------------------------------------
     14410        460        568          0         96       9696   Library Totals

    ----------------------------------------------------------------------

==============================================================================


      Code (inc. data)   RO Data    RW Data    ZI Data      Debug   

     16224        508       1136          0       1800      14674   Grand Totals
     16224        508       1136          0       1800      14674   ELF Image Totals
     16224        508       1136          0          0          0   ROM Totals

==============================================================================

    Total RO  Size (Code + RO Data)                17360 (  16.95kB)
    Total RW  Size (RW Data + ZI Data)              1800 (   1.76kB)
    Total ROM Size (Code + RO Data + RW Data)      17360 (  16.95kB)

==============================================================================

